Starting expanded global dataset download targeting ~90.0 MB...
Resuming with 141,681 existing records (6.97 MB)...
Generated 551 geographic grid tiles to process...
[1/551] Tile US_Northeast_Corridor_38.0_-77.5 [38.0, -77.5, 39.5, -76.0] (Current: 141,681 records / 6.97 MB)...
  [Checkpoint] Saved 141,681 records sorted by priority (6.97 MB)
[2/551] Tile US_Northeast_Corridor_38.0_-76.0 [38.0, -76.0, 39.5, -74.5] (Current: 141,681 records / 6.97 MB)...
  [Checkpoint] Saved 141,681 records sorted by priority (6.97 MB)
[3/551] Tile US_Northeast_Corridor_38.0_-74.5 [38.0, -74.5, 39.5, -73.0] (Current: 141,681 records / 6.97 MB)...
  [Checkpoint] Saved 141,681 records sorted by priority (6.97 MB)
[4/551] Tile US_Northeast_Corridor_38.0_-73.0 [38.0, -73.0, 39.5, -71.5] (Current: 141,681 records / 6.97 MB)...
  [Checkpoint] Saved 141,681 records sorted by priority (6.97 MB)
[5/551] Tile US_Northeast_Corridor_38.0_-71.5 [38.0, -71.5, 39.5, -70.0] (Current: 141,681 records / 6.97 MB)...
  [Checkpoint] Saved 141,681 records sorted by priority (6.97 MB)
[6/551] Tile US_Northeast_Corridor_39.5_-77.5 [39.5, -77.5, 41.0, -76.0] (Current: 141,681 records / 6.97 MB)...
  [Checkpoint] Saved 141,681 records sorted by priority (6.97 MB)
[7/551] Tile US_Northeast_Corridor_39.5_-76.0 [39.5, -76.0, 41.0, -74.5] (Current: 141,681 records / 6.97 MB)...
  [Checkpoint] Saved 141,681 records sorted by priority (6.97 MB)
[8/551] Tile US_Northeast_Corridor_39.5_-74.5 [39.5, -74.5, 41.0, -73.0] (Current: 141,681 records / 6.97 MB)...
  [Checkpoint] Saved 141,681 records sorted by priority (6.97 MB)
[9/551] Tile US_Northeast_Corridor_39.5_-73.0 [39.5, -73.0, 41.0, -71.5] (Current: 141,681 records / 6.97 MB)...
  [Checkpoint] Saved 141,681 records sorted by priority (6.97 MB)
[10/551] Tile US_Northeast_Corridor_39.5_-71.5 [39.5, -71.5, 41.0, -70.0] (Current: 141,681 records / 6.97 MB)...
  [Checkpoint] Saved 141,681 records sorted by priority (6.97 MB)
[11/551] Tile US_Northeast_Corridor_41.0_-77.5 [41.0, -77.5, 42.5, -76.0] (Current: 141,681 records / 6.97 MB)...
  [Checkpoint] Saved 141,681 records sorted by priority (6.97 MB)
[12/551] Tile US_Northeast_Corridor_41.0_-76.0 [41.0, -76.0, 42.5, -74.5] (Current: 141,681 records / 6.97 MB)...
  [Checkpoint] Saved 141,681 records sorted by priority (6.97 MB)
[13/551] Tile US_Northeast_Corridor_41.0_-74.5 [41.0, -74.5, 42.5, -73.0] (Current: 141,681 records / 6.97 MB)...
  [Checkpoint] Saved 141,681 records sorted by priority (6.97 MB)
[14/551] Tile US_Northeast_Corridor_41.0_-73.0 [41.0, -73.0, 42.5, -71.5] (Current: 141,681 records / 6.97 MB)...
  [Checkpoint] Saved 141,681 records sorted by priority (6.97 MB)
[15/551] Tile US_Northeast_Corridor_41.0_-71.5 [41.0, -71.5, 42.5, -70.0] (Current: 141,681 records / 6.97 MB)...
  [Checkpoint] Saved 141,681 records sorted by priority (6.97 MB)
[16/551] Tile US_Northeast_Corridor_42.5_-77.5 [42.5, -77.5, 43.5, -76.0] (Current: 141,681 records / 6.97 MB)...
  [Checkpoint] Saved 141,681 records sorted by priority (6.97 MB)
[17/551] Tile US_Northeast_Corridor_42.5_-76.0 [42.5, -76.0, 43.5, -74.5] (Current: 141,681 records / 6.97 MB)...
  [Checkpoint] Saved 141,681 records sorted by priority (6.97 MB)
[18/551] Tile US_Northeast_Corridor_42.5_-74.5 [42.5, -74.5, 43.5, -73.0] (Current: 141,681 records / 6.97 MB)...
  [Checkpoint] Saved 141,681 records sorted by priority (6.97 MB)
[19/551] Tile US_Northeast_Corridor_42.5_-73.0 [42.5, -73.0, 43.5, -71.5] (Current: 141,681 records / 6.97 MB)...
  [Checkpoint] Saved 141,681 records sorted by priority (6.97 MB)
[20/551] Tile US_Northeast_Corridor_42.5_-71.5 [42.5, -71.5, 43.5, -70.0] (Current: 141,681 records / 6.97 MB)...
  [Checkpoint] Saved 141,681 records sorted by priority (6.97 MB)
[21/551] Tile US_California_Coast_32.5_-124.5 [32.5, -124.5, 34.0, -123.0] (Current: 141,681 records / 6.97 MB)...
  [Checkpoint] Saved 141,681 records sorted by priority (6.97 MB)
[22/551] Tile US_California_Coast_32.5_-123.0 [32.5, -123.0, 34.0, -121.5] (Current: 141,681 records / 6.97 MB)...
  [Checkpoint] Saved 141,681 records sorted by priority (6.97 MB)
[23/551] Tile US_California_Coast_32.5_-121.5 [32.5, -121.5, 34.0, -120.0] (Current: 141,681 records / 6.97 MB)...
  [Checkpoint] Saved 141,681 records sorted by priority (6.97 MB)
[24/551] Tile US_California_Coast_32.5_-120.0 [32.5, -120.0, 34.0, -118.5] (Current: 141,681 records / 6.97 MB)...
  [Checkpoint] Saved 141,681 records sorted by priority (6.97 MB)
[25/551] Tile US_California_Coast_32.5_-118.5 [32.5, -118.5, 34.0, -117.0] (Current: 141,681 records / 6.97 MB)...
  [Checkpoint] Saved 141,681 records sorted by priority (6.97 MB)
[26/551] Tile US_California_Coast_32.5_-117.0 [32.5, -117.0, 34.0, -116.5] (Current: 141,681 records / 6.97 MB)...
  [Checkpoint] Saved 141,681 records sorted by priority (6.97 MB)
[27/551] Tile US_California_Coast_34.0_-124.5 [34.0, -124.5, 35.5, -123.0] (Current: 141,681 records / 6.97 MB)...
  [Checkpoint] Saved 141,681 records sorted by priority (6.97 MB)
[28/551] Tile US_California_Coast_34.0_-123.0 [34.0, -123.0, 35.5, -121.5] (Current: 141,681 records / 6.97 MB)...
  [Checkpoint] Saved 141,681 records sorted by priority (6.97 MB)
[29/551] Tile US_California_Coast_34.0_-121.5 [34.0, -121.5, 35.5, -120.0] (Current: 141,681 records / 6.97 MB)...
  [Checkpoint] Saved 141,681 records sorted by priority (6.97 MB)
[30/551] Tile US_California_Coast_34.0_-120.0 [34.0, -120.0, 35.5, -118.5] (Current: 141,681 records / 6.97 MB)...
  [Checkpoint] Saved 141,681 records sorted by priority (6.97 MB)
[31/551] Tile US_California_Coast_34.0_-118.5 [34.0, -118.5, 35.5, -117.0] (Current: 141,681 records / 6.97 MB)...
  [Checkpoint] Saved 141,681 records sorted by priority (6.97 MB)
[32/551] Tile US_California_Coast_34.0_-117.0 [34.0, -117.0, 35.5, -116.5] (Current: 141,681 records / 6.97 MB)...
  [Checkpoint] Saved 141,681 records sorted by priority (6.97 MB)
[33/551] Tile US_California_Coast_35.5_-124.5 [35.5, -124.5, 37.0, -123.0] (Current: 141,681 records / 6.97 MB)...
  [Checkpoint] Saved 141,681 records sorted by priority (6.97 MB)
[34/551] Tile US_California_Coast_35.5_-123.0 [35.5, -123.0, 37.0, -121.5] (Current: 141,681 records / 6.97 MB)...
  [Checkpoint] Saved 141,681 records sorted by priority (6.97 MB)
[35/551] Tile US_California_Coast_35.5_-121.5 [35.5, -121.5, 37.0, -120.0] (Current: 141,681 records / 6.97 MB)...
  [Checkpoint] Saved 141,681 records sorted by priority (6.97 MB)
[36/551] Tile US_California_Coast_35.5_-120.0 [35.5, -120.0, 37.0, -118.5] (Current: 141,681 records / 6.97 MB)...
  [Checkpoint] Saved 141,681 records sorted by priority (6.97 MB)
[37/551] Tile US_California_Coast_35.5_-118.5 [35.5, -118.5, 37.0, -117.0] (Current: 141,681 records / 6.97 MB)...
  [Checkpoint] Saved 141,681 records sorted by priority (6.97 MB)
[38/551] Tile US_California_Coast_35.5_-117.0 [35.5, -117.0, 37.0, -116.5] (Current: 141,681 records / 6.97 MB)...
  [Checkpoint] Saved 141,681 records sorted by priority (6.97 MB)
[39/551] Tile US_California_Coast_37.0_-124.5 [37.0, -124.5, 38.5, -123.0] (Current: 141,681 records / 6.97 MB)...
  [Checkpoint] Saved 141,681 records sorted by priority (6.97 MB)
[40/551] Tile US_California_Coast_37.0_-123.0 [37.0, -123.0, 38.5, -121.5] (Current: 141,681 records / 6.97 MB)...
  [Checkpoint] Saved 141,681 records sorted by priority (6.97 MB)
[41/551] Tile US_California_Coast_37.0_-121.5 [37.0, -121.5, 38.5, -120.0] (Current: 141,681 records / 6.97 MB)...
  [Checkpoint] Saved 141,681 records sorted by priority (6.97 MB)
[42/551] Tile US_California_Coast_37.0_-120.0 [37.0, -120.0, 38.5, -118.5] (Current: 141,681 records / 6.97 MB)...
  [Checkpoint] Saved 141,681 records sorted by priority (6.97 MB)
[43/551] Tile US_California_Coast_37.0_-118.5 [37.0, -118.5, 38.5, -117.0] (Current: 141,681 records / 6.97 MB)...
  [Checkpoint] Saved 141,681 records sorted by priority (6.97 MB)
[44/551] Tile US_California_Coast_37.0_-117.0 [37.0, -117.0, 38.5, -116.5] (Current: 141,681 records / 6.97 MB)...
  [Checkpoint] Saved 141,681 records sorted by priority (6.97 MB)
[45/551] Tile US_California_Coast_38.5_-124.5 [38.5, -124.5, 39.0, -123.0] (Current: 141,681 records / 6.97 MB)...
  [Checkpoint] Saved 141,681 records sorted by priority (6.97 MB)
[46/551] Tile US_California_Coast_38.5_-123.0 [38.5, -123.0, 39.0, -121.5] (Current: 141,681 records / 6.97 MB)...
  [Checkpoint] Saved 141,681 records sorted by priority (6.97 MB)
[47/551] Tile US_California_Coast_38.5_-121.5 [38.5, -121.5, 39.0, -120.0] (Current: 141,681 records / 6.97 MB)...
  [Checkpoint] Saved 141,681 records sorted by priority (6.97 MB)
[48/551] Tile US_California_Coast_38.5_-120.0 [38.5, -120.0, 39.0, -118.5] (Current: 141,681 records / 6.97 MB)...
  [Checkpoint] Saved 141,681 records sorted by priority (6.97 MB)
[49/551] Tile US_California_Coast_38.5_-118.5 [38.5, -118.5, 39.0, -117.0] (Current: 141,681 records / 6.97 MB)...
  [Checkpoint] Saved 141,681 records sorted by priority (6.97 MB)
[50/551] Tile US_California_Coast_38.5_-117.0 [38.5, -117.0, 39.0, -116.5] (Current: 141,681 records / 6.97 MB)...
  [Checkpoint] Saved 141,681 records sorted by priority (6.97 MB)
[51/551] Tile US_Texas_Triangle_28.5_-100.0 [28.5, -100.0, 30.0, -98.5] (Current: 141,681 records / 6.97 MB)...
  [Checkpoint] Saved 141,681 records sorted by priority (6.97 MB)
[52/551] Tile US_Texas_Triangle_28.5_-98.5 [28.5, -98.5, 30.0, -97.0] (Current: 141,681 records / 6.97 MB)...
  [Checkpoint] Saved 141,681 records sorted by priority (6.97 MB)
[53/551] Tile US_Texas_Triangle_28.5_-97.0 [28.5, -97.0, 30.0, -95.5] (Current: 141,681 records / 6.97 MB)...
  [Checkpoint] Saved 141,681 records sorted by priority (6.97 MB)
[54/551] Tile US_Texas_Triangle_28.5_-95.5 [28.5, -95.5, 30.0, -94.0] (Current: 141,681 records / 6.97 MB)...
  [Checkpoint] Saved 141,681 records sorted by priority (6.97 MB)
[55/551] Tile US_Texas_Triangle_30.0_-100.0 [30.0, -100.0, 31.5, -98.5] (Current: 141,681 records / 6.97 MB)...
  [Checkpoint] Saved 141,681 records sorted by priority (6.97 MB)
[56/551] Tile US_Texas_Triangle_30.0_-98.5 [30.0, -98.5, 31.5, -97.0] (Current: 141,681 records / 6.97 MB)...
  [Checkpoint] Saved 141,681 records sorted by priority (6.97 MB)
[57/551] Tile US_Texas_Triangle_30.0_-97.0 [30.0, -97.0, 31.5, -95.5] (Current: 141,681 records / 6.97 MB)...
  [Checkpoint] Saved 141,681 records sorted by priority (6.97 MB)
[58/551] Tile US_Texas_Triangle_30.0_-95.5 [30.0, -95.5, 31.5, -94.0] (Current: 141,681 records / 6.97 MB)...
  [Checkpoint] Saved 141,681 records sorted by priority (6.97 MB)
[59/551] Tile US_Texas_Triangle_31.5_-100.0 [31.5, -100.0, 33.0, -98.5] (Current: 141,681 records / 6.97 MB)...
  [Checkpoint] Saved 141,681 records sorted by priority (6.97 MB)
[60/551] Tile US_Texas_Triangle_31.5_-98.5 [31.5, -98.5, 33.0, -97.0] (Current: 141,681 records / 6.97 MB)...
  [Checkpoint] Saved 141,681 records sorted by priority (6.97 MB)
[61/551] Tile US_Texas_Triangle_31.5_-97.0 [31.5, -97.0, 33.0, -95.5] (Current: 141,681 records / 6.97 MB)...
  [Checkpoint] Saved 141,681 records sorted by priority (6.97 MB)
[62/551] Tile US_Texas_Triangle_31.5_-95.5 [31.5, -95.5, 33.0, -94.0] (Current: 141,681 records / 6.97 MB)...
  [Checkpoint] Saved 141,681 records sorted by priority (6.97 MB)
[63/551] Tile US_Texas_Triangle_33.0_-100.0 [33.0, -100.0, 33.5, -98.5] (Current: 141,681 records / 6.97 MB)...
  [Checkpoint] Saved 141,681 records sorted by priority (6.97 MB)
[64/551] Tile US_Texas_Triangle_33.0_-98.5 [33.0, -98.5, 33.5, -97.0] (Current: 141,681 records / 6.97 MB)...
  [Checkpoint] Saved 141,681 records sorted by priority (6.97 MB)
[65/551] Tile US_Texas_Triangle_33.0_-97.0 [33.0, -97.0, 33.5, -95.5] (Current: 141,681 records / 6.97 MB)...
  [Checkpoint] Saved 141,681 records sorted by priority (6.97 MB)
[66/551] Tile US_Texas_Triangle_33.0_-95.5 [33.0, -95.5, 33.5, -94.0] (Current: 141,681 records / 6.97 MB)...
  [Checkpoint] Saved 141,681 records sorted by priority (6.97 MB)
[67/551] Tile US_Midwest_GreatLakes_40.0_-90.0 [40.0, -90.0, 41.5, -88.5] (Current: 141,681 records / 6.97 MB)...
  [Checkpoint] Saved 141,681 records sorted by priority (6.97 MB)
[68/551] Tile US_Midwest_GreatLakes_40.0_-88.5 [40.0, -88.5, 41.5, -87.0] (Current: 141,681 records / 6.97 MB)...
  [Checkpoint] Saved 141,681 records sorted by priority (6.97 MB)
[69/551] Tile US_Midwest_GreatLakes_40.0_-87.0 [40.0, -87.0, 41.5, -85.5] (Current: 141,681 records / 6.97 MB)...
  [Checkpoint] Saved 141,681 records sorted by priority (6.97 MB)
[70/551] Tile US_Midwest_GreatLakes_40.0_-85.5 [40.0, -85.5, 41.5, -84.0] (Current: 141,681 records / 6.97 MB)...
  [Checkpoint] Saved 141,681 records sorted by priority (6.97 MB)
[71/551] Tile US_Midwest_GreatLakes_40.0_-84.0 [40.0, -84.0, 41.5, -82.5] (Current: 141,681 records / 6.97 MB)...
  [Checkpoint] Saved 141,681 records sorted by priority (6.97 MB)
[72/551] Tile US_Midwest_GreatLakes_40.0_-82.5 [40.0, -82.5, 41.5, -81.0] (Current: 141,681 records / 6.97 MB)...
  [Checkpoint] Saved 141,681 records sorted by priority (6.97 MB)
[73/551] Tile US_Midwest_GreatLakes_40.0_-81.0 [40.0, -81.0, 41.5, -80.0] (Current: 141,681 records / 6.97 MB)...
  [Checkpoint] Saved 141,681 records sorted by priority (6.97 MB)
[74/551] Tile US_Midwest_GreatLakes_41.5_-90.0 [41.5, -90.0, 43.0, -88.5] (Current: 141,681 records / 6.97 MB)...
  [Checkpoint] Saved 141,681 records sorted by priority (6.97 MB)
[75/551] Tile US_Midwest_GreatLakes_41.5_-88.5 [41.5, -88.5, 43.0, -87.0] (Current: 141,681 records / 6.97 MB)...
  [Checkpoint] Saved 141,681 records sorted by priority (6.97 MB)
[76/551] Tile US_Midwest_GreatLakes_41.5_-87.0 [41.5, -87.0, 43.0, -85.5] (Current: 141,681 records / 6.97 MB)...
  [Checkpoint] Saved 141,681 records sorted by priority (6.97 MB)
[77/551] Tile US_Midwest_GreatLakes_41.5_-85.5 [41.5, -85.5, 43.0, -84.0] (Current: 141,681 records / 6.97 MB)...
  [Checkpoint] Saved 141,681 records sorted by priority (6.97 MB)
[78/551] Tile US_Midwest_GreatLakes_41.5_-84.0 [41.5, -84.0, 43.0, -82.5] (Current: 141,681 records / 6.97 MB)...
  [Checkpoint] Saved 141,681 records sorted by priority (6.97 MB)
[79/551] Tile US_Midwest_GreatLakes_41.5_-82.5 [41.5, -82.5, 43.0, -81.0] (Current: 141,681 records / 6.97 MB)...
  [Checkpoint] Saved 141,681 records sorted by priority (6.97 MB)
[80/551] Tile US_Midwest_GreatLakes_41.5_-81.0 [41.5, -81.0, 43.0, -80.0] (Current: 141,681 records / 6.97 MB)...
  [Checkpoint] Saved 141,681 records sorted by priority (6.97 MB)
[81/551] Tile US_Midwest_GreatLakes_43.0_-90.0 [43.0, -90.0, 44.5, -88.5] (Current: 141,681 records / 6.97 MB)...
  [Checkpoint] Saved 141,681 records sorted by priority (6.97 MB)
[82/551] Tile US_Midwest_GreatLakes_43.0_-88.5 [43.0, -88.5, 44.5, -87.0] (Current: 141,681 records / 6.97 MB)...
  [Checkpoint] Saved 141,681 records sorted by priority (6.97 MB)
[83/551] Tile US_Midwest_GreatLakes_43.0_-87.0 [43.0, -87.0, 44.5, -85.5] (Current: 141,681 records / 6.97 MB)...
  [Checkpoint] Saved 141,681 records sorted by priority (6.97 MB)
[84/551] Tile US_Midwest_GreatLakes_43.0_-85.5 [43.0, -85.5, 44.5, -84.0] (Current: 141,681 records / 6.97 MB)...
  [Checkpoint] Saved 141,681 records sorted by priority (6.97 MB)
[85/551] Tile US_Midwest_GreatLakes_43.0_-84.0 [43.0, -84.0, 44.5, -82.5] (Current: 141,681 records / 6.97 MB)...
  [Checkpoint] Saved 141,681 records sorted by priority (6.97 MB)
[86/551] Tile US_Midwest_GreatLakes_43.0_-82.5 [43.0, -82.5, 44.5, -81.0] (Current: 141,681 records / 6.97 MB)...
  [Checkpoint] Saved 141,681 records sorted by priority (6.97 MB)
[87/551] Tile US_Midwest_GreatLakes_43.0_-81.0 [43.0, -81.0, 44.5, -80.0] (Current: 141,681 records / 6.97 MB)...
  [Checkpoint] Saved 141,681 records sorted by priority (6.97 MB)
[88/551] Tile US_Midwest_GreatLakes_44.5_-90.0 [44.5, -90.0, 46.0, -88.5] (Current: 141,681 records / 6.97 MB)...
  [Checkpoint] Saved 141,681 records sorted by priority (6.97 MB)
[89/551] Tile US_Midwest_GreatLakes_44.5_-88.5 [44.5, -88.5, 46.0, -87.0] (Current: 141,681 records / 6.97 MB)...
  [Checkpoint] Saved 141,681 records sorted by priority (6.97 MB)
[90/551] Tile US_Midwest_GreatLakes_44.5_-87.0 [44.5, -87.0, 46.0, -85.5] (Current: 141,681 records / 6.97 MB)...
  [Checkpoint] Saved 141,681 records sorted by priority (6.97 MB)
[91/551] Tile US_Midwest_GreatLakes_44.5_-85.5 [44.5, -85.5, 46.0, -84.0] (Current: 141,681 records / 6.97 MB)...
  [Checkpoint] Saved 141,681 records sorted by priority (6.97 MB)
[92/551] Tile US_Midwest_GreatLakes_44.5_-84.0 [44.5, -84.0, 46.0, -82.5] (Current: 141,681 records / 6.97 MB)...
  [Checkpoint] Saved 141,681 records sorted by priority (6.97 MB)
[93/551] Tile US_Midwest_GreatLakes_44.5_-82.5 [44.5, -82.5, 46.0, -81.0] (Current: 141,681 records / 6.97 MB)...
  [Checkpoint] Saved 141,681 records sorted by priority (6.97 MB)
[94/551] Tile US_Midwest_GreatLakes_44.5_-81.0 [44.5, -81.0, 46.0, -80.0] (Current: 141,681 records / 6.97 MB)...
  [Checkpoint] Saved 141,681 records sorted by priority (6.97 MB)
[95/551] Tile US_Pacific_NW_44.0_-124.5 [44.0, -124.5, 45.5, -123.0] (Current: 141,681 records / 6.97 MB)...
  [Checkpoint] Saved 141,681 records sorted by priority (6.97 MB)
[96/551] Tile US_Pacific_NW_44.0_-123.0 [44.0, -123.0, 45.5, -121.5] (Current: 141,681 records / 6.97 MB)...
  [Checkpoint] Saved 141,681 records sorted by priority (6.97 MB)
[97/551] Tile US_Pacific_NW_44.0_-121.5 [44.0, -121.5, 45.5, -121.0] (Current: 141,681 records / 6.97 MB)...
  [Checkpoint] Saved 141,681 records sorted by priority (6.97 MB)
[98/551] Tile US_Pacific_NW_45.5_-124.5 [45.5, -124.5, 47.0, -123.0] (Current: 141,681 records / 6.97 MB)...
  [Checkpoint] Saved 141,681 records sorted by priority (6.97 MB)
[99/551] Tile US_Pacific_NW_45.5_-123.0 [45.5, -123.0, 47.0, -121.5] (Current: 141,681 records / 6.97 MB)...
  [Checkpoint] Saved 141,681 records sorted by priority (6.97 MB)
[100/551] Tile US_Pacific_NW_45.5_-121.5 [45.5, -121.5, 47.0, -121.0] (Current: 141,681 records / 6.97 MB)...
  [Checkpoint] Saved 141,681 records sorted by priority (6.97 MB)
[101/551] Tile US_Pacific_NW_47.0_-124.5 [47.0, -124.5, 48.5, -123.0] (Current: 141,681 records / 6.97 MB)...
  [Checkpoint] Saved 141,681 records sorted by priority (6.97 MB)
[102/551] Tile US_Pacific_NW_47.0_-123.0 [47.0, -123.0, 48.5, -121.5] (Current: 141,681 records / 6.97 MB)...
  [Checkpoint] Saved 141,681 records sorted by priority (6.97 MB)
[103/551] Tile US_Pacific_NW_47.0_-121.5 [47.0, -121.5, 48.5, -121.0] (Current: 141,681 records / 6.97 MB)...
  [Checkpoint] Saved 141,681 records sorted by priority (6.97 MB)
[104/551] Tile US_Pacific_NW_48.5_-124.5 [48.5, -124.5, 49.0, -123.0] (Current: 141,681 records / 6.97 MB)...
  [Checkpoint] Saved 141,681 records sorted by priority (6.97 MB)
[105/551] Tile US_Pacific_NW_48.5_-123.0 [48.5, -123.0, 49.0, -121.5] (Current: 141,681 records / 6.97 MB)...
  [Checkpoint] Saved 141,681 records sorted by priority (6.97 MB)
[106/551] Tile US_Pacific_NW_48.5_-121.5 [48.5, -121.5, 49.0, -121.0] (Current: 141,681 records / 6.97 MB)...
  [Checkpoint] Saved 141,681 records sorted by priority (6.97 MB)
[107/551] Tile US_Florida_Georgia_24.5_-87.5 [24.5, -87.5, 26.0, -86.0] (Current: 141,681 records / 6.97 MB)...
  [Checkpoint] Saved 141,681 records sorted by priority (6.97 MB)
[108/551] Tile US_Florida_Georgia_24.5_-86.0 [24.5, -86.0, 26.0, -84.5] (Current: 141,681 records / 6.97 MB)...
  [Checkpoint] Saved 141,681 records sorted by priority (6.97 MB)
[109/551] Tile US_Florida_Georgia_24.5_-84.5 [24.5, -84.5, 26.0, -83.0] (Current: 141,681 records / 6.97 MB)...
  [Checkpoint] Saved 141,681 records sorted by priority (6.97 MB)
[110/551] Tile US_Florida_Georgia_24.5_-83.0 [24.5, -83.0, 26.0, -81.5] (Current: 141,681 records / 6.97 MB)...
  [Checkpoint] Saved 141,681 records sorted by priority (6.97 MB)
[111/551] Tile US_Florida_Georgia_24.5_-81.5 [24.5, -81.5, 26.0, -80.0] (Current: 141,681 records / 6.97 MB)...
  [Checkpoint] Saved 141,681 records sorted by priority (6.97 MB)
[112/551] Tile US_Florida_Georgia_24.5_-80.0 [24.5, -80.0, 26.0, -79.5] (Current: 141,681 records / 6.97 MB)...
  [Checkpoint] Saved 141,681 records sorted by priority (6.97 MB)
[113/551] Tile US_Florida_Georgia_26.0_-87.5 [26.0, -87.5, 27.5, -86.0] (Current: 141,681 records / 6.97 MB)...
  [Checkpoint] Saved 141,681 records sorted by priority (6.97 MB)
[114/551] Tile US_Florida_Georgia_26.0_-86.0 [26.0, -86.0, 27.5, -84.5] (Current: 141,681 records / 6.97 MB)...
  [Checkpoint] Saved 141,681 records sorted by priority (6.97 MB)
[115/551] Tile US_Florida_Georgia_26.0_-84.5 [26.0, -84.5, 27.5, -83.0] (Current: 141,681 records / 6.97 MB)...
  [Checkpoint] Saved 141,681 records sorted by priority (6.97 MB)
[116/551] Tile US_Florida_Georgia_26.0_-83.0 [26.0, -83.0, 27.5, -81.5] (Current: 141,681 records / 6.97 MB)...
  [Checkpoint] Saved 141,681 records sorted by priority (6.97 MB)
[117/551] Tile US_Florida_Georgia_26.0_-81.5 [26.0, -81.5, 27.5, -80.0] (Current: 141,681 records / 6.97 MB)...
  [Checkpoint] Saved 141,681 records sorted by priority (6.97 MB)
[118/551] Tile US_Florida_Georgia_26.0_-80.0 [26.0, -80.0, 27.5, -79.5] (Current: 141,681 records / 6.97 MB)...
  [Checkpoint] Saved 141,681 records sorted by priority (6.97 MB)
[119/551] Tile US_Florida_Georgia_27.5_-87.5 [27.5, -87.5, 29.0, -86.0] (Current: 141,681 records / 6.97 MB)...
  [Checkpoint] Saved 141,681 records sorted by priority (6.97 MB)
[120/551] Tile US_Florida_Georgia_27.5_-86.0 [27.5, -86.0, 29.0, -84.5] (Current: 141,681 records / 6.97 MB)...
  [Checkpoint] Saved 141,681 records sorted by priority (6.97 MB)
[121/551] Tile US_Florida_Georgia_27.5_-84.5 [27.5, -84.5, 29.0, -83.0] (Current: 141,681 records / 6.97 MB)...
  [Checkpoint] Saved 141,681 records sorted by priority (6.97 MB)
[122/551] Tile US_Florida_Georgia_27.5_-83.0 [27.5, -83.0, 29.0, -81.5] (Current: 141,681 records / 6.97 MB)...
  [Checkpoint] Saved 141,681 records sorted by priority (6.97 MB)
[123/551] Tile US_Florida_Georgia_27.5_-81.5 [27.5, -81.5, 29.0, -80.0] (Current: 141,681 records / 6.97 MB)...
  [Checkpoint] Saved 141,681 records sorted by priority (6.97 MB)
[124/551] Tile US_Florida_Georgia_27.5_-80.0 [27.5, -80.0, 29.0, -79.5] (Current: 141,681 records / 6.97 MB)...
  [Checkpoint] Saved 141,681 records sorted by priority (6.97 MB)
[125/551] Tile US_Florida_Georgia_29.0_-87.5 [29.0, -87.5, 30.5, -86.0] (Current: 141,681 records / 6.97 MB)...
  [Checkpoint] Saved 141,681 records sorted by priority (6.97 MB)
[126/551] Tile US_Florida_Georgia_29.0_-86.0 [29.0, -86.0, 30.5, -84.5] (Current: 141,681 records / 6.97 MB)...
  [Checkpoint] Saved 141,681 records sorted by priority (6.97 MB)
[127/551] Tile US_Florida_Georgia_29.0_-84.5 [29.0, -84.5, 30.5, -83.0] (Current: 141,681 records / 6.97 MB)...
  [Checkpoint] Saved 141,681 records sorted by priority (6.97 MB)
[128/551] Tile US_Florida_Georgia_29.0_-83.0 [29.0, -83.0, 30.5, -81.5] (Current: 141,681 records / 6.97 MB)...
  [Checkpoint] Saved 141,681 records sorted by priority (6.97 MB)
[129/551] Tile US_Florida_Georgia_29.0_-81.5 [29.0, -81.5, 30.5, -80.0] (Current: 141,681 records / 6.97 MB)...
  [Checkpoint] Saved 141,681 records sorted by priority (6.97 MB)
[130/551] Tile US_Florida_Georgia_29.0_-80.0 [29.0, -80.0, 30.5, -79.5] (Current: 141,681 records / 6.97 MB)...
  [Checkpoint] Saved 141,681 records sorted by priority (6.97 MB)
[131/551] Tile US_Florida_Georgia_30.5_-87.5 [30.5, -87.5, 32.0, -86.0] (Current: 141,681 records / 6.97 MB)...
  [Checkpoint] Saved 141,681 records sorted by priority (6.97 MB)
[132/551] Tile US_Florida_Georgia_30.5_-86.0 [30.5, -86.0, 32.0, -84.5] (Current: 141,681 records / 6.97 MB)...
  [Checkpoint] Saved 141,681 records sorted by priority (6.97 MB)
[133/551] Tile US_Florida_Georgia_30.5_-84.5 [30.5, -84.5, 32.0, -83.0] (Current: 141,681 records / 6.97 MB)...
  [Checkpoint] Saved 141,681 records sorted by priority (6.97 MB)
[134/551] Tile US_Florida_Georgia_30.5_-83.0 [30.5, -83.0, 32.0, -81.5] (Current: 141,681 records / 6.97 MB)...
  [Checkpoint] Saved 141,681 records sorted by priority (6.97 MB)
[135/551] Tile US_Florida_Georgia_30.5_-81.5 [30.5, -81.5, 32.0, -80.0] (Current: 141,681 records / 6.97 MB)...
  [Checkpoint] Saved 141,681 records sorted by priority (6.97 MB)
[136/551] Tile US_Florida_Georgia_30.5_-80.0 [30.5, -80.0, 32.0, -79.5] (Current: 141,681 records / 6.97 MB)...
  [Checkpoint] Saved 141,681 records sorted by priority (6.97 MB)
[137/551] Tile US_Mountain_West_32.0_-114.0 [32.0, -114.0, 33.5, -112.5] (Current: 141,681 records / 6.97 MB)...
  [Checkpoint] Saved 141,681 records sorted by priority (6.97 MB)
[138/551] Tile US_Mountain_West_32.0_-112.5 [32.0, -112.5, 33.5, -111.0] (Current: 141,681 records / 6.97 MB)...
  [Checkpoint] Saved 141,681 records sorted by priority (6.97 MB)
[139/551] Tile US_Mountain_West_32.0_-111.0 [32.0, -111.0, 33.5, -109.5] (Current: 141,681 records / 6.97 MB)...
  [Checkpoint] Saved 141,681 records sorted by priority (6.97 MB)
[140/551] Tile US_Mountain_West_32.0_-109.5 [32.0, -109.5, 33.5, -108.0] (Current: 141,681 records / 6.97 MB)...
  [Checkpoint] Saved 141,681 records sorted by priority (6.97 MB)
[141/551] Tile US_Mountain_West_32.0_-108.0 [32.0, -108.0, 33.5, -106.5] (Current: 141,681 records / 6.97 MB)...
  [Checkpoint] Saved 141,681 records sorted by priority (6.97 MB)
[142/551] Tile US_Mountain_West_32.0_-106.5 [32.0, -106.5, 33.5, -105.0] (Current: 141,681 records / 6.97 MB)...
  [Checkpoint] Saved 141,681 records sorted by priority (6.97 MB)
[143/551] Tile US_Mountain_West_32.0_-105.0 [32.0, -105.0, 33.5, -104.0] (Current: 141,681 records / 6.97 MB)...
  [Checkpoint] Saved 141,681 records sorted by priority (6.97 MB)
[144/551] Tile US_Mountain_West_33.5_-114.0 [33.5, -114.0, 35.0, -112.5] (Current: 141,681 records / 6.97 MB)...
  [Checkpoint] Saved 141,681 records sorted by priority (6.97 MB)
[145/551] Tile US_Mountain_West_33.5_-112.5 [33.5, -112.5, 35.0, -111.0] (Current: 141,681 records / 6.97 MB)...
  [Checkpoint] Saved 141,681 records sorted by priority (6.97 MB)
[146/551] Tile US_Mountain_West_33.5_-111.0 [33.5, -111.0, 35.0, -109.5] (Current: 141,681 records / 6.97 MB)...
  [Checkpoint] Saved 141,681 records sorted by priority (6.97 MB)
[147/551] Tile US_Mountain_West_33.5_-109.5 [33.5, -109.5, 35.0, -108.0] (Current: 141,681 records / 6.97 MB)...
  [Checkpoint] Saved 141,681 records sorted by priority (6.97 MB)
[148/551] Tile US_Mountain_West_33.5_-108.0 [33.5, -108.0, 35.0, -106.5] (Current: 141,681 records / 6.97 MB)...
  [Checkpoint] Saved 141,681 records sorted by priority (6.97 MB)
[149/551] Tile US_Mountain_West_33.5_-106.5 [33.5, -106.5, 35.0, -105.0] (Current: 141,681 records / 6.97 MB)...
  [Checkpoint] Saved 141,681 records sorted by priority (6.97 MB)
[150/551] Tile US_Mountain_West_33.5_-105.0 [33.5, -105.0, 35.0, -104.0] (Current: 141,681 records / 6.97 MB)...
  [Checkpoint] Saved 141,681 records sorted by priority (6.97 MB)
[151/551] Tile US_Mountain_West_35.0_-114.0 [35.0, -114.0, 36.5, -112.5] (Current: 141,681 records / 6.97 MB)...
  [Checkpoint] Saved 141,681 records sorted by priority (6.97 MB)
[152/551] Tile US_Mountain_West_35.0_-112.5 [35.0, -112.5, 36.5, -111.0] (Current: 141,681 records / 6.97 MB)...
  [Checkpoint] Saved 141,681 records sorted by priority (6.97 MB)
[153/551] Tile US_Mountain_West_35.0_-111.0 [35.0, -111.0, 36.5, -109.5] (Current: 141,681 records / 6.97 MB)...
  [Checkpoint] Saved 141,681 records sorted by priority (6.97 MB)
[154/551] Tile US_Mountain_West_35.0_-109.5 [35.0, -109.5, 36.5, -108.0] (Current: 141,681 records / 6.97 MB)...
  [Checkpoint] Saved 141,681 records sorted by priority (6.97 MB)
[155/551] Tile US_Mountain_West_35.0_-108.0 [35.0, -108.0, 36.5, -106.5] (Current: 141,681 records / 6.97 MB)...
  [Checkpoint] Saved 141,681 records sorted by priority (6.97 MB)
[156/551] Tile US_Mountain_West_35.0_-106.5 [35.0, -106.5, 36.5, -105.0] (Current: 141,681 records / 6.97 MB)...
  [Checkpoint] Saved 141,681 records sorted by priority (6.97 MB)
[157/551] Tile US_Mountain_West_35.0_-105.0 [35.0, -105.0, 36.5, -104.0] (Current: 141,681 records / 6.97 MB)...
  [Checkpoint] Saved 141,681 records sorted by priority (6.97 MB)
[158/551] Tile US_Mountain_West_36.5_-114.0 [36.5, -114.0, 38.0, -112.5] (Current: 141,681 records / 6.97 MB)...
  [Checkpoint] Saved 141,681 records sorted by priority (6.97 MB)
[159/551] Tile US_Mountain_West_36.5_-112.5 [36.5, -112.5, 38.0, -111.0] (Current: 141,681 records / 6.97 MB)...
  [Checkpoint] Saved 141,681 records sorted by priority (6.97 MB)
[160/551] Tile US_Mountain_West_36.5_-111.0 [36.5, -111.0, 38.0, -109.5] (Current: 141,681 records / 6.97 MB)...
  [Checkpoint] Saved 141,681 records sorted by priority (6.97 MB)
[161/551] Tile US_Mountain_West_36.5_-109.5 [36.5, -109.5, 38.0, -108.0] (Current: 141,681 records / 6.97 MB)...
  [Checkpoint] Saved 141,681 records sorted by priority (6.97 MB)
[162/551] Tile US_Mountain_West_36.5_-108.0 [36.5, -108.0, 38.0, -106.5] (Current: 141,681 records / 6.97 MB)...
  [Checkpoint] Saved 141,681 records sorted by priority (6.97 MB)
[163/551] Tile US_Mountain_West_36.5_-106.5 [36.5, -106.5, 38.0, -105.0] (Current: 141,681 records / 6.97 MB)...
  [Checkpoint] Saved 141,681 records sorted by priority (6.97 MB)
[164/551] Tile US_Mountain_West_36.5_-105.0 [36.5, -105.0, 38.0, -104.0] (Current: 141,681 records / 6.97 MB)...
  [Checkpoint] Saved 141,681 records sorted by priority (6.97 MB)
[165/551] Tile US_Mountain_West_38.0_-114.0 [38.0, -114.0, 39.5, -112.5] (Current: 141,681 records / 6.97 MB)...
  [Checkpoint] Saved 141,681 records sorted by priority (6.97 MB)
[166/551] Tile US_Mountain_West_38.0_-112.5 [38.0, -112.5, 39.5, -111.0] (Current: 141,681 records / 6.97 MB)...
  [Checkpoint] Saved 141,681 records sorted by priority (6.97 MB)
[167/551] Tile US_Mountain_West_38.0_-111.0 [38.0, -111.0, 39.5, -109.5] (Current: 141,681 records / 6.97 MB)...
  [Checkpoint] Saved 141,681 records sorted by priority (6.97 MB)
[168/551] Tile US_Mountain_West_38.0_-109.5 [38.0, -109.5, 39.5, -108.0] (Current: 141,681 records / 6.97 MB)...
  [Checkpoint] Saved 141,681 records sorted by priority (6.97 MB)
[169/551] Tile US_Mountain_West_38.0_-108.0 [38.0, -108.0, 39.5, -106.5] (Current: 141,681 records / 6.97 MB)...
  [Checkpoint] Saved 141,681 records sorted by priority (6.97 MB)
[170/551] Tile US_Mountain_West_38.0_-106.5 [38.0, -106.5, 39.5, -105.0] (Current: 141,681 records / 6.97 MB)...
  [Checkpoint] Saved 141,681 records sorted by priority (6.97 MB)
[171/551] Tile US_Mountain_West_38.0_-105.0 [38.0, -105.0, 39.5, -104.0] (Current: 141,681 records / 6.97 MB)...
  [Checkpoint] Saved 141,681 records sorted by priority (6.97 MB)
[172/551] Tile US_Mountain_West_39.5_-114.0 [39.5, -114.0, 41.0, -112.5] (Current: 141,681 records / 6.97 MB)...
  [Checkpoint] Saved 141,681 records sorted by priority (6.97 MB)
[173/551] Tile US_Mountain_West_39.5_-112.5 [39.5, -112.5, 41.0, -111.0] (Current: 141,681 records / 6.97 MB)...
  [Checkpoint] Saved 141,681 records sorted by priority (6.97 MB)
[174/551] Tile US_Mountain_West_39.5_-111.0 [39.5, -111.0, 41.0, -109.5] (Current: 141,681 records / 6.97 MB)...
  [Checkpoint] Saved 141,681 records sorted by priority (6.97 MB)
[175/551] Tile US_Mountain_West_39.5_-109.5 [39.5, -109.5, 41.0, -108.0] (Current: 141,681 records / 6.97 MB)...
  [Checkpoint] Saved 141,681 records sorted by priority (6.97 MB)
[176/551] Tile US_Mountain_West_39.5_-108.0 [39.5, -108.0, 41.0, -106.5] (Current: 141,681 records / 6.97 MB)...
  [Checkpoint] Saved 141,681 records sorted by priority (6.97 MB)
[177/551] Tile US_Mountain_West_39.5_-106.5 [39.5, -106.5, 41.0, -105.0] (Current: 141,681 records / 6.97 MB)...
  [Checkpoint] Saved 141,681 records sorted by priority (6.97 MB)
[178/551] Tile US_Mountain_West_39.5_-105.0 [39.5, -105.0, 41.0, -104.0] (Current: 141,681 records / 6.97 MB)...
  [Checkpoint] Saved 141,681 records sorted by priority (6.97 MB)
[179/551] Tile US_Mountain_West_41.0_-114.0 [41.0, -114.0, 42.5, -112.5] (Current: 141,681 records / 6.97 MB)...
  [Checkpoint] Saved 141,681 records sorted by priority (6.97 MB)
[180/551] Tile US_Mountain_West_41.0_-112.5 [41.0, -112.5, 42.5, -111.0] (Current: 141,681 records / 6.97 MB)...
  [Checkpoint] Saved 141,681 records sorted by priority (6.97 MB)
[181/551] Tile US_Mountain_West_41.0_-111.0 [41.0, -111.0, 42.5, -109.5] (Current: 141,681 records / 6.97 MB)...
  [Checkpoint] Saved 141,681 records sorted by priority (6.97 MB)
[182/551] Tile US_Mountain_West_41.0_-109.5 [41.0, -109.5, 42.5, -108.0] (Current: 141,681 records / 6.97 MB)...
  [Checkpoint] Saved 141,681 records sorted by priority (6.97 MB)
[183/551] Tile US_Mountain_West_41.0_-108.0 [41.0, -108.0, 42.5, -106.5] (Current: 141,681 records / 6.97 MB)...
  [Checkpoint] Saved 141,681 records sorted by priority (6.97 MB)
[184/551] Tile US_Mountain_West_41.0_-106.5 [41.0, -106.5, 42.5, -105.0] (Current: 141,681 records / 6.97 MB)...
  [Checkpoint] Saved 141,681 records sorted by priority (6.97 MB)
[185/551] Tile US_Mountain_West_41.0_-105.0 [41.0, -105.0, 42.5, -104.0] (Current: 141,681 records / 6.97 MB)...
  [Checkpoint] Saved 141,681 records sorted by priority (6.97 MB)
[186/551] Tile US_Mountain_West_42.5_-114.0 [42.5, -114.0, 44.0, -112.5] (Current: 141,681 records / 6.97 MB)...
  [Checkpoint] Saved 141,681 records sorted by priority (6.97 MB)
[187/551] Tile US_Mountain_West_42.5_-112.5 [42.5, -112.5, 44.0, -111.0] (Current: 141,681 records / 6.97 MB)...
  [Checkpoint] Saved 141,681 records sorted by priority (6.97 MB)
[188/551] Tile US_Mountain_West_42.5_-111.0 [42.5, -111.0, 44.0, -109.5] (Current: 141,681 records / 6.97 MB)...
  [Checkpoint] Saved 141,681 records sorted by priority (6.97 MB)
[189/551] Tile US_Mountain_West_42.5_-109.5 [42.5, -109.5, 44.0, -108.0] (Current: 141,681 records / 6.97 MB)...
  [Checkpoint] Saved 141,681 records sorted by priority (6.97 MB)
[190/551] Tile US_Mountain_West_42.5_-108.0 [42.5, -108.0, 44.0, -106.5] (Current: 141,681 records / 6.97 MB)...
  [Checkpoint] Saved 141,681 records sorted by priority (6.97 MB)
[191/551] Tile US_Mountain_West_42.5_-106.5 [42.5, -106.5, 44.0, -105.0] (Current: 141,681 records / 6.97 MB)...
  [Checkpoint] Saved 141,681 records sorted by priority (6.97 MB)
[192/551] Tile US_Mountain_West_42.5_-105.0 [42.5, -105.0, 44.0, -104.0] (Current: 141,681 records / 6.97 MB)...
  [Checkpoint] Saved 141,681 records sorted by priority (6.97 MB)
[193/551] Tile Europe_UK_Ireland_50.0_-10.5 [50.0, -10.5, 51.5, -9.0] (Current: 141,681 records / 6.97 MB)...
  [Checkpoint] Saved 141,681 records sorted by priority (6.97 MB)
[194/551] Tile Europe_UK_Ireland_50.0_-9.0 [50.0, -9.0, 51.5, -7.5] (Current: 141,681 records / 6.97 MB)...
  [Checkpoint] Saved 141,681 records sorted by priority (6.97 MB)
[195/551] Tile Europe_UK_Ireland_50.0_-7.5 [50.0, -7.5, 51.5, -6.0] (Current: 141,681 records / 6.97 MB)...
  [Checkpoint] Saved 141,681 records sorted by priority (6.97 MB)
[196/551] Tile Europe_UK_Ireland_50.0_-6.0 [50.0, -6.0, 51.5, -4.5] (Current: 141,681 records / 6.97 MB)...
  [Checkpoint] Saved 141,681 records sorted by priority (6.97 MB)
[197/551] Tile Europe_UK_Ireland_50.0_-4.5 [50.0, -4.5, 51.5, -3.0] (Current: 141,681 records / 6.97 MB)...
  [Checkpoint] Saved 141,681 records sorted by priority (6.97 MB)
[198/551] Tile Europe_UK_Ireland_50.0_-3.0 [50.0, -3.0, 51.5, -1.5] (Current: 141,681 records / 6.97 MB)...
  [Checkpoint] Saved 141,681 records sorted by priority (6.97 MB)
[199/551] Tile Europe_UK_Ireland_50.0_-1.5 [50.0, -1.5, 51.5, 0.0] (Current: 141,681 records / 6.97 MB)...
  [Checkpoint] Saved 141,681 records sorted by priority (6.97 MB)
[200/551] Tile Europe_UK_Ireland_50.0_0.0 [50.0, 0.0, 51.5, 1.5] (Current: 141,681 records / 6.97 MB)...
  [Checkpoint] Saved 141,681 records sorted by priority (6.97 MB)
[201/551] Tile Europe_UK_Ireland_50.0_1.5 [50.0, 1.5, 51.5, 2.0] (Current: 141,681 records / 6.97 MB)...
  [Checkpoint] Saved 141,681 records sorted by priority (6.97 MB)
[202/551] Tile Europe_UK_Ireland_51.5_-10.5 [51.5, -10.5, 53.0, -9.0] (Current: 141,681 records / 6.97 MB)...
  [Checkpoint] Saved 141,681 records sorted by priority (6.97 MB)
[203/551] Tile Europe_UK_Ireland_51.5_-9.0 [51.5, -9.0, 53.0, -7.5] (Current: 141,681 records / 6.97 MB)...
  [Checkpoint] Saved 141,681 records sorted by priority (6.97 MB)
[204/551] Tile Europe_UK_Ireland_51.5_-7.5 [51.5, -7.5, 53.0, -6.0] (Current: 141,681 records / 6.97 MB)...
  [Checkpoint] Saved 141,681 records sorted by priority (6.97 MB)
[205/551] Tile Europe_UK_Ireland_51.5_-6.0 [51.5, -6.0, 53.0, -4.5] (Current: 141,681 records / 6.97 MB)...
  [Checkpoint] Saved 141,681 records sorted by priority (6.97 MB)
[206/551] Tile Europe_UK_Ireland_51.5_-4.5 [51.5, -4.5, 53.0, -3.0] (Current: 141,681 records / 6.97 MB)...
  [Checkpoint] Saved 141,681 records sorted by priority (6.97 MB)
[207/551] Tile Europe_UK_Ireland_51.5_-3.0 [51.5, -3.0, 53.0, -1.5] (Current: 141,681 records / 6.97 MB)...
  [Checkpoint] Saved 141,681 records sorted by priority (6.97 MB)
[208/551] Tile Europe_UK_Ireland_51.5_-1.5 [51.5, -1.5, 53.0, 0.0] (Current: 141,681 records / 6.97 MB)...
  [Checkpoint] Saved 141,681 records sorted by priority (6.97 MB)
[209/551] Tile Europe_UK_Ireland_51.5_0.0 [51.5, 0.0, 53.0, 1.5] (Current: 141,681 records / 6.97 MB)...
  [Checkpoint] Saved 141,681 records sorted by priority (6.97 MB)
[210/551] Tile Europe_UK_Ireland_51.5_1.5 [51.5, 1.5, 53.0, 2.0] (Current: 141,681 records / 6.97 MB)...
  [Checkpoint] Saved 141,681 records sorted by priority (6.97 MB)
[211/551] Tile Europe_UK_Ireland_53.0_-10.5 [53.0, -10.5, 54.5, -9.0] (Current: 141,681 records / 6.97 MB)...
  [Checkpoint] Saved 141,681 records sorted by priority (6.97 MB)
[212/551] Tile Europe_UK_Ireland_53.0_-9.0 [53.0, -9.0, 54.5, -7.5] (Current: 141,681 records / 6.97 MB)...
  [Checkpoint] Saved 141,681 records sorted by priority (6.97 MB)
[213/551] Tile Europe_UK_Ireland_53.0_-7.5 [53.0, -7.5, 54.5, -6.0] (Current: 141,681 records / 6.97 MB)...
  [Checkpoint] Saved 141,681 records sorted by priority (6.97 MB)
[214/551] Tile Europe_UK_Ireland_53.0_-6.0 [53.0, -6.0, 54.5, -4.5] (Current: 141,681 records / 6.97 MB)...
  [Checkpoint] Saved 141,681 records sorted by priority (6.97 MB)
[215/551] Tile Europe_UK_Ireland_53.0_-4.5 [53.0, -4.5, 54.5, -3.0] (Current: 141,681 records / 6.97 MB)...
  [Checkpoint] Saved 141,681 records sorted by priority (6.97 MB)
[216/551] Tile Europe_UK_Ireland_53.0_-3.0 [53.0, -3.0, 54.5, -1.5] (Current: 141,681 records / 6.97 MB)...
  [Checkpoint] Saved 141,681 records sorted by priority (6.97 MB)
[217/551] Tile Europe_UK_Ireland_53.0_-1.5 [53.0, -1.5, 54.5, 0.0] (Current: 141,681 records / 6.97 MB)...
  [Checkpoint] Saved 141,681 records sorted by priority (6.97 MB)
[218/551] Tile Europe_UK_Ireland_53.0_0.0 [53.0, 0.0, 54.5, 1.5] (Current: 141,681 records / 6.97 MB)...
  [Checkpoint] Saved 141,681 records sorted by priority (6.97 MB)
[219/551] Tile Europe_UK_Ireland_53.0_1.5 [53.0, 1.5, 54.5, 2.0] (Current: 141,681 records / 6.97 MB)...
  [Checkpoint] Saved 141,681 records sorted by priority (6.97 MB)
[220/551] Tile Europe_UK_Ireland_54.5_-10.5 [54.5, -10.5, 56.0, -9.0] (Current: 141,681 records / 6.97 MB)...
  [Checkpoint] Saved 141,681 records sorted by priority (6.97 MB)
[221/551] Tile Europe_UK_Ireland_54.5_-9.0 [54.5, -9.0, 56.0, -7.5] (Current: 141,681 records / 6.97 MB)...
  [Checkpoint] Saved 141,681 records sorted by priority (6.97 MB)
[222/551] Tile Europe_UK_Ireland_54.5_-7.5 [54.5, -7.5, 56.0, -6.0] (Current: 141,681 records / 6.97 MB)...
  [Checkpoint] Saved 141,681 records sorted by priority (6.97 MB)
[223/551] Tile Europe_UK_Ireland_54.5_-6.0 [54.5, -6.0, 56.0, -4.5] (Current: 141,681 records / 6.97 MB)...
  [Checkpoint] Saved 141,681 records sorted by priority (6.97 MB)
[224/551] Tile Europe_UK_Ireland_54.5_-4.5 [54.5, -4.5, 56.0, -3.0] (Current: 141,681 records / 6.97 MB)...
  [Checkpoint] Saved 141,681 records sorted by priority (6.97 MB)
[225/551] Tile Europe_UK_Ireland_54.5_-3.0 [54.5, -3.0, 56.0, -1.5] (Current: 141,681 records / 6.97 MB)...
  [Checkpoint] Saved 141,681 records sorted by priority (6.97 MB)
[226/551] Tile Europe_UK_Ireland_54.5_-1.5 [54.5, -1.5, 56.0, 0.0] (Current: 141,681 records / 6.97 MB)...
  [Checkpoint] Saved 141,681 records sorted by priority (6.97 MB)
[227/551] Tile Europe_UK_Ireland_54.5_0.0 [54.5, 0.0, 56.0, 1.5] (Current: 141,681 records / 6.97 MB)...
  [Checkpoint] Saved 141,681 records sorted by priority (6.97 MB)
[228/551] Tile Europe_UK_Ireland_54.5_1.5 [54.5, 1.5, 56.0, 2.0] (Current: 141,681 records / 6.97 MB)...
  [Checkpoint] Saved 141,681 records sorted by priority (6.97 MB)
[229/551] Tile Europe_UK_Ireland_56.0_-10.5 [56.0, -10.5, 57.5, -9.0] (Current: 141,681 records / 6.97 MB)...
  [Checkpoint] Saved 141,681 records sorted by priority (6.97 MB)
[230/551] Tile Europe_UK_Ireland_56.0_-9.0 [56.0, -9.0, 57.5, -7.5] (Current: 141,681 records / 6.97 MB)...
  [Checkpoint] Saved 141,681 records sorted by priority (6.97 MB)
[231/551] Tile Europe_UK_Ireland_56.0_-7.5 [56.0, -7.5, 57.5, -6.0] (Current: 141,681 records / 6.97 MB)...
  [Checkpoint] Saved 141,681 records sorted by priority (6.97 MB)
[232/551] Tile Europe_UK_Ireland_56.0_-6.0 [56.0, -6.0, 57.5, -4.5] (Current: 141,681 records / 6.97 MB)...
  [Checkpoint] Saved 143,486 records sorted by priority (7.05 MB)
[233/551] Tile Europe_UK_Ireland_56.0_-4.5 [56.0, -4.5, 57.5, -3.0] (Current: 143,486 records / 7.05 MB)...
  [Checkpoint] Saved 147,339 records sorted by priority (7.22 MB)
[234/551] Tile Europe_UK_Ireland_56.0_-3.0 [56.0, -3.0, 57.5, -1.5] (Current: 147,339 records / 7.22 MB)...
  [Checkpoint] Saved 147,339 records sorted by priority (7.22 MB)
[235/551] Tile Europe_UK_Ireland_56.0_-1.5 [56.0, -1.5, 57.5, 0.0] (Current: 147,339 records / 7.22 MB)...
  [Checkpoint] Saved 147,339 records sorted by priority (7.22 MB)
[236/551] Tile Europe_UK_Ireland_56.0_0.0 [56.0, 0.0, 57.5, 1.5] (Current: 147,339 records / 7.22 MB)...
  [Checkpoint] Saved 147,339 records sorted by priority (7.22 MB)
[237/551] Tile Europe_UK_Ireland_56.0_1.5 [56.0, 1.5, 57.5, 2.0] (Current: 147,339 records / 7.22 MB)...
  [Checkpoint] Saved 147,339 records sorted by priority (7.22 MB)
[238/551] Tile Europe_UK_Ireland_57.5_-10.5 [57.5, -10.5, 59.0, -9.0] (Current: 147,339 records / 7.22 MB)...
  [Checkpoint] Saved 147,339 records sorted by priority (7.22 MB)
[239/551] Tile Europe_UK_Ireland_57.5_-9.0 [57.5, -9.0, 59.0, -7.5] (Current: 147,339 records / 7.22 MB)...
  [Checkpoint] Saved 147,339 records sorted by priority (7.22 MB)
[240/551] Tile Europe_UK_Ireland_57.5_-7.5 [57.5, -7.5, 59.0, -6.0] (Current: 147,339 records / 7.22 MB)...
  [Checkpoint] Saved 147,339 records sorted by priority (7.22 MB)
[241/551] Tile Europe_UK_Ireland_57.5_-6.0 [57.5, -6.0, 59.0, -4.5] (Current: 147,339 records / 7.22 MB)...
  [Checkpoint] Saved 147,339 records sorted by priority (7.22 MB)
[242/551] Tile Europe_UK_Ireland_57.5_-4.5 [57.5, -4.5, 59.0, -3.0] (Current: 147,339 records / 7.22 MB)...
  [Checkpoint] Saved 147,339 records sorted by priority (7.22 MB)
[243/551] Tile Europe_UK_Ireland_57.5_-3.0 [57.5, -3.0, 59.0, -1.5] (Current: 147,339 records / 7.22 MB)...
  [Checkpoint] Saved 147,339 records sorted by priority (7.22 MB)
[244/551] Tile Europe_UK_Ireland_57.5_-1.5 [57.5, -1.5, 59.0, 0.0] (Current: 147,339 records / 7.22 MB)...
  [Checkpoint] Saved 147,339 records sorted by priority (7.22 MB)
[245/551] Tile Europe_UK_Ireland_57.5_0.0 [57.5, 0.0, 59.0, 1.5] (Current: 147,339 records / 7.22 MB)...
  [Checkpoint] Saved 147,339 records sorted by priority (7.22 MB)
[246/551] Tile Europe_UK_Ireland_57.5_1.5 [57.5, 1.5, 59.0, 2.0] (Current: 147,339 records / 7.22 MB)...
  [Checkpoint] Saved 147,339 records sorted by priority (7.22 MB)
[247/551] Tile Europe_France_Benelux_43.0_-4.5 [43.0, -4.5, 44.5, -3.0] (Current: 147,339 records / 7.22 MB)...
  [Checkpoint] Saved 147,339 records sorted by priority (7.22 MB)
[248/551] Tile Europe_France_Benelux_43.0_-3.0 [43.0, -3.0, 44.5, -1.5] (Current: 147,339 records / 7.22 MB)...
  [Checkpoint] Saved 147,339 records sorted by priority (7.22 MB)
[249/551] Tile Europe_France_Benelux_43.0_-1.5 [43.0, -1.5, 44.5, 0.0] (Current: 147,339 records / 7.22 MB)...
  [Checkpoint] Saved 147,339 records sorted by priority (7.22 MB)
[250/551] Tile Europe_France_Benelux_43.0_0.0 [43.0, 0.0, 44.5, 1.5] (Current: 147,339 records / 7.22 MB)...
  [Checkpoint] Saved 147,339 records sorted by priority (7.22 MB)
[251/551] Tile Europe_France_Benelux_43.0_1.5 [43.0, 1.5, 44.5, 3.0] (Current: 147,339 records / 7.22 MB)...
  [Checkpoint] Saved 147,339 records sorted by priority (7.22 MB)
[252/551] Tile Europe_France_Benelux_43.0_3.0 [43.0, 3.0, 44.5, 4.5] (Current: 147,339 records / 7.22 MB)...
  [Checkpoint] Saved 147,339 records sorted by priority (7.22 MB)
[253/551] Tile Europe_France_Benelux_43.0_4.5 [43.0, 4.5, 44.5, 6.0] (Current: 147,339 records / 7.22 MB)...
  [Checkpoint] Saved 147,339 records sorted by priority (7.22 MB)
[254/551] Tile Europe_France_Benelux_43.0_6.0 [43.0, 6.0, 44.5, 7.5] (Current: 147,339 records / 7.22 MB)...
  [Checkpoint] Saved 147,339 records sorted by priority (7.22 MB)
[255/551] Tile Europe_France_Benelux_44.5_-4.5 [44.5, -4.5, 46.0, -3.0] (Current: 147,339 records / 7.22 MB)...
  [Checkpoint] Saved 147,339 records sorted by priority (7.22 MB)
[256/551] Tile Europe_France_Benelux_44.5_-3.0 [44.5, -3.0, 46.0, -1.5] (Current: 147,339 records / 7.22 MB)...
  [Checkpoint] Saved 147,339 records sorted by priority (7.22 MB)
[257/551] Tile Europe_France_Benelux_44.5_-1.5 [44.5, -1.5, 46.0, 0.0] (Current: 147,339 records / 7.22 MB)...
  [Checkpoint] Saved 147,339 records sorted by priority (7.22 MB)
[258/551] Tile Europe_France_Benelux_44.5_0.0 [44.5, 0.0, 46.0, 1.5] (Current: 147,339 records / 7.22 MB)...
  [Checkpoint] Saved 147,339 records sorted by priority (7.22 MB)
[259/551] Tile Europe_France_Benelux_44.5_1.5 [44.5, 1.5, 46.0, 3.0] (Current: 147,339 records / 7.22 MB)...
  [Checkpoint] Saved 147,339 records sorted by priority (7.22 MB)
[260/551] Tile Europe_France_Benelux_44.5_3.0 [44.5, 3.0, 46.0, 4.5] (Current: 147,339 records / 7.22 MB)...
  [Checkpoint] Saved 147,339 records sorted by priority (7.22 MB)
[261/551] Tile Europe_France_Benelux_44.5_4.5 [44.5, 4.5, 46.0, 6.0] (Current: 147,339 records / 7.22 MB)...
  [Checkpoint] Saved 147,339 records sorted by priority (7.22 MB)
[262/551] Tile Europe_France_Benelux_44.5_6.0 [44.5, 6.0, 46.0, 7.5] (Current: 147,339 records / 7.22 MB)...
  [Checkpoint] Saved 147,339 records sorted by priority (7.22 MB)
[263/551] Tile Europe_France_Benelux_46.0_-4.5 [46.0, -4.5, 47.5, -3.0] (Current: 147,339 records / 7.22 MB)...
  [Checkpoint] Saved 147,339 records sorted by priority (7.22 MB)
[264/551] Tile Europe_France_Benelux_46.0_-3.0 [46.0, -3.0, 47.5, -1.5] (Current: 147,339 records / 7.22 MB)...
  [Checkpoint] Saved 147,339 records sorted by priority (7.22 MB)
[265/551] Tile Europe_France_Benelux_46.0_-1.5 [46.0, -1.5, 47.5, 0.0] (Current: 147,339 records / 7.22 MB)...
  [Checkpoint] Saved 147,339 records sorted by priority (7.22 MB)
[266/551] Tile Europe_France_Benelux_46.0_0.0 [46.0, 0.0, 47.5, 1.5] (Current: 147,339 records / 7.22 MB)...
  [Checkpoint] Saved 147,339 records sorted by priority (7.22 MB)
[267/551] Tile Europe_France_Benelux_46.0_1.5 [46.0, 1.5, 47.5, 3.0] (Current: 147,339 records / 7.22 MB)...
  [Checkpoint] Saved 147,339 records sorted by priority (7.22 MB)
[268/551] Tile Europe_France_Benelux_46.0_3.0 [46.0, 3.0, 47.5, 4.5] (Current: 147,339 records / 7.22 MB)...
  [Checkpoint] Saved 147,339 records sorted by priority (7.22 MB)
[269/551] Tile Europe_France_Benelux_46.0_4.5 [46.0, 4.5, 47.5, 6.0] (Current: 147,339 records / 7.22 MB)...
  [Checkpoint] Saved 147,339 records sorted by priority (7.22 MB)
[270/551] Tile Europe_France_Benelux_46.0_6.0 [46.0, 6.0, 47.5, 7.5] (Current: 147,339 records / 7.22 MB)...
  [Checkpoint] Saved 147,339 records sorted by priority (7.22 MB)
[271/551] Tile Europe_France_Benelux_47.5_-4.5 [47.5, -4.5, 49.0, -3.0] (Current: 147,339 records / 7.22 MB)...
  [Checkpoint] Saved 147,339 records sorted by priority (7.22 MB)
[272/551] Tile Europe_France_Benelux_47.5_-3.0 [47.5, -3.0, 49.0, -1.5] (Current: 147,339 records / 7.22 MB)...
  [Checkpoint] Saved 147,339 records sorted by priority (7.22 MB)
[273/551] Tile Europe_France_Benelux_47.5_-1.5 [47.5, -1.5, 49.0, 0.0] (Current: 147,339 records / 7.22 MB)...
  [Checkpoint] Saved 147,339 records sorted by priority (7.22 MB)
[274/551] Tile Europe_France_Benelux_47.5_0.0 [47.5, 0.0, 49.0, 1.5] (Current: 147,339 records / 7.22 MB)...
  [Checkpoint] Saved 147,339 records sorted by priority (7.22 MB)
[275/551] Tile Europe_France_Benelux_47.5_1.5 [47.5, 1.5, 49.0, 3.0] (Current: 147,339 records / 7.22 MB)...
  [Checkpoint] Saved 147,339 records sorted by priority (7.22 MB)
[276/551] Tile Europe_France_Benelux_47.5_3.0 [47.5, 3.0, 49.0, 4.5] (Current: 147,339 records / 7.22 MB)...
  [Checkpoint] Saved 147,339 records sorted by priority (7.22 MB)
[277/551] Tile Europe_France_Benelux_47.5_4.5 [47.5, 4.5, 49.0, 6.0] (Current: 147,339 records / 7.22 MB)...
  [Checkpoint] Saved 147,339 records sorted by priority (7.22 MB)
[278/551] Tile Europe_France_Benelux_47.5_6.0 [47.5, 6.0, 49.0, 7.5] (Current: 147,339 records / 7.22 MB)...
  [Checkpoint] Saved 147,339 records sorted by priority (7.22 MB)
[279/551] Tile Europe_France_Benelux_49.0_-4.5 [49.0, -4.5, 50.5, -3.0] (Current: 147,339 records / 7.22 MB)...
  [Checkpoint] Saved 147,339 records sorted by priority (7.22 MB)
[280/551] Tile Europe_France_Benelux_49.0_-3.0 [49.0, -3.0, 50.5, -1.5] (Current: 147,339 records / 7.22 MB)...
  [Checkpoint] Saved 147,339 records sorted by priority (7.22 MB)
[281/551] Tile Europe_France_Benelux_49.0_-1.5 [49.0, -1.5, 50.5, 0.0] (Current: 147,339 records / 7.22 MB)...
  [Checkpoint] Saved 147,339 records sorted by priority (7.22 MB)
[282/551] Tile Europe_France_Benelux_49.0_0.0 [49.0, 0.0, 50.5, 1.5] (Current: 147,339 records / 7.22 MB)...
  [Checkpoint] Saved 147,339 records sorted by priority (7.22 MB)
[283/551] Tile Europe_France_Benelux_49.0_1.5 [49.0, 1.5, 50.5, 3.0] (Current: 147,339 records / 7.22 MB)...
  [Checkpoint] Saved 147,339 records sorted by priority (7.22 MB)
[284/551] Tile Europe_France_Benelux_49.0_3.0 [49.0, 3.0, 50.5, 4.5] (Current: 147,339 records / 7.22 MB)...
  [Checkpoint] Saved 147,339 records sorted by priority (7.22 MB)
[285/551] Tile Europe_France_Benelux_49.0_4.5 [49.0, 4.5, 50.5, 6.0] (Current: 147,339 records / 7.22 MB)...
  [Checkpoint] Saved 147,339 records sorted by priority (7.22 MB)
[286/551] Tile Europe_France_Benelux_49.0_6.0 [49.0, 6.0, 50.5, 7.5] (Current: 147,339 records / 7.22 MB)...
  [Checkpoint] Saved 147,339 records sorted by priority (7.22 MB)
[287/551] Tile Europe_France_Benelux_50.5_-4.5 [50.5, -4.5, 52.0, -3.0] (Current: 147,339 records / 7.22 MB)...
  [Checkpoint] Saved 147,339 records sorted by priority (7.22 MB)
[288/551] Tile Europe_France_Benelux_50.5_-3.0 [50.5, -3.0, 52.0, -1.5] (Current: 147,339 records / 7.22 MB)...
  [Checkpoint] Saved 147,339 records sorted by priority (7.22 MB)
[289/551] Tile Europe_France_Benelux_50.5_-1.5 [50.5, -1.5, 52.0, 0.0] (Current: 147,339 records / 7.22 MB)...
  [Checkpoint] Saved 147,339 records sorted by priority (7.22 MB)
[290/551] Tile Europe_France_Benelux_50.5_0.0 [50.5, 0.0, 52.0, 1.5] (Current: 147,339 records / 7.22 MB)...
  [Checkpoint] Saved 147,339 records sorted by priority (7.22 MB)
[291/551] Tile Europe_France_Benelux_50.5_1.5 [50.5, 1.5, 52.0, 3.0] (Current: 147,339 records / 7.22 MB)...
  [Checkpoint] Saved 147,339 records sorted by priority (7.22 MB)
[292/551] Tile Europe_France_Benelux_50.5_3.0 [50.5, 3.0, 52.0, 4.5] (Current: 147,339 records / 7.22 MB)...
  [Checkpoint] Saved 147,339 records sorted by priority (7.22 MB)
[293/551] Tile Europe_France_Benelux_50.5_4.5 [50.5, 4.5, 52.0, 6.0] (Current: 147,339 records / 7.22 MB)...
  [Checkpoint] Saved 147,339 records sorted by priority (7.22 MB)
[294/551] Tile Europe_France_Benelux_50.5_6.0 [50.5, 6.0, 52.0, 7.5] (Current: 147,339 records / 7.22 MB)...
  [Checkpoint] Saved 147,339 records sorted by priority (7.22 MB)
[295/551] Tile Europe_France_Benelux_52.0_-4.5 [52.0, -4.5, 53.5, -3.0] (Current: 147,339 records / 7.22 MB)...
  [Checkpoint] Saved 147,339 records sorted by priority (7.22 MB)
[296/551] Tile Europe_France_Benelux_52.0_-3.0 [52.0, -3.0, 53.5, -1.5] (Current: 147,339 records / 7.22 MB)...
  [Checkpoint] Saved 147,339 records sorted by priority (7.22 MB)
[297/551] Tile Europe_France_Benelux_52.0_-1.5 [52.0, -1.5, 53.5, 0.0] (Current: 147,339 records / 7.22 MB)...
  [Checkpoint] Saved 147,339 records sorted by priority (7.22 MB)
[298/551] Tile Europe_France_Benelux_52.0_0.0 [52.0, 0.0, 53.5, 1.5] (Current: 147,339 records / 7.22 MB)...
  [Checkpoint] Saved 147,339 records sorted by priority (7.22 MB)
[299/551] Tile Europe_France_Benelux_52.0_1.5 [52.0, 1.5, 53.5, 3.0] (Current: 147,339 records / 7.22 MB)...
  [Checkpoint] Saved 147,339 records sorted by priority (7.22 MB)
[300/551] Tile Europe_France_Benelux_52.0_3.0 [52.0, 3.0, 53.5, 4.5] (Current: 147,339 records / 7.22 MB)...
  [Checkpoint] Saved 147,339 records sorted by priority (7.22 MB)
[301/551] Tile Europe_France_Benelux_52.0_4.5 [52.0, 4.5, 53.5, 6.0] (Current: 147,339 records / 7.22 MB)...
  [Checkpoint] Saved 147,339 records sorted by priority (7.22 MB)
[302/551] Tile Europe_France_Benelux_52.0_6.0 [52.0, 6.0, 53.5, 7.5] (Current: 147,339 records / 7.22 MB)...
  [Checkpoint] Saved 147,339 records sorted by priority (7.22 MB)
[303/551] Tile Europe_DACH_Germany_47.0_5.5 [47.0, 5.5, 48.5, 7.0] (Current: 147,339 records / 7.22 MB)...
  [Checkpoint] Saved 147,339 records sorted by priority (7.22 MB)
[304/551] Tile Europe_DACH_Germany_47.0_7.0 [47.0, 7.0, 48.5, 8.5] (Current: 147,339 records / 7.22 MB)...
  [Checkpoint] Saved 147,339 records sorted by priority (7.22 MB)
[305/551] Tile Europe_DACH_Germany_47.0_8.5 [47.0, 8.5, 48.5, 10.0] (Current: 147,339 records / 7.22 MB)...
  [Checkpoint] Saved 147,339 records sorted by priority (7.22 MB)
[306/551] Tile Europe_DACH_Germany_47.0_10.0 [47.0, 10.0, 48.5, 11.5] (Current: 147,339 records / 7.22 MB)...
  [Checkpoint] Saved 147,339 records sorted by priority (7.22 MB)
[307/551] Tile Europe_DACH_Germany_47.0_11.5 [47.0, 11.5, 48.5, 13.0] (Current: 147,339 records / 7.22 MB)...
  [Checkpoint] Saved 147,339 records sorted by priority (7.22 MB)
[308/551] Tile Europe_DACH_Germany_47.0_13.0 [47.0, 13.0, 48.5, 14.5] (Current: 147,339 records / 7.22 MB)...
  [Checkpoint] Saved 147,339 records sorted by priority (7.22 MB)
[309/551] Tile Europe_DACH_Germany_47.0_14.5 [47.0, 14.5, 48.5, 15.0] (Current: 147,339 records / 7.22 MB)...
  [Checkpoint] Saved 147,339 records sorted by priority (7.22 MB)
[310/551] Tile Europe_DACH_Germany_48.5_5.5 [48.5, 5.5, 50.0, 7.0] (Current: 147,339 records / 7.22 MB)...
  [Checkpoint] Saved 147,339 records sorted by priority (7.22 MB)
[311/551] Tile Europe_DACH_Germany_48.5_7.0 [48.5, 7.0, 50.0, 8.5] (Current: 147,339 records / 7.22 MB)...
  [Checkpoint] Saved 147,339 records sorted by priority (7.22 MB)
[312/551] Tile Europe_DACH_Germany_48.5_8.5 [48.5, 8.5, 50.0, 10.0] (Current: 147,339 records / 7.22 MB)...
  [Checkpoint] Saved 147,339 records sorted by priority (7.22 MB)
[313/551] Tile Europe_DACH_Germany_48.5_10.0 [48.5, 10.0, 50.0, 11.5] (Current: 147,339 records / 7.22 MB)...
  [Checkpoint] Saved 147,339 records sorted by priority (7.22 MB)
[314/551] Tile Europe_DACH_Germany_48.5_11.5 [48.5, 11.5, 50.0, 13.0] (Current: 147,339 records / 7.22 MB)...
  [Checkpoint] Saved 147,339 records sorted by priority (7.22 MB)
[315/551] Tile Europe_DACH_Germany_48.5_13.0 [48.5, 13.0, 50.0, 14.5] (Current: 147,339 records / 7.22 MB)...
  [Checkpoint] Saved 147,339 records sorted by priority (7.22 MB)
[316/551] Tile Europe_DACH_Germany_48.5_14.5 [48.5, 14.5, 50.0, 15.0] (Current: 147,339 records / 7.22 MB)...
  [Checkpoint] Saved 147,339 records sorted by priority (7.22 MB)
[317/551] Tile Europe_DACH_Germany_50.0_5.5 [50.0, 5.5, 51.5, 7.0] (Current: 147,339 records / 7.22 MB)...
  [Checkpoint] Saved 147,339 records sorted by priority (7.22 MB)
[318/551] Tile Europe_DACH_Germany_50.0_7.0 [50.0, 7.0, 51.5, 8.5] (Current: 147,339 records / 7.22 MB)...
  [Checkpoint] Saved 147,339 records sorted by priority (7.22 MB)
[319/551] Tile Europe_DACH_Germany_50.0_8.5 [50.0, 8.5, 51.5, 10.0] (Current: 147,339 records / 7.22 MB)...
  [Checkpoint] Saved 147,339 records sorted by priority (7.22 MB)
[320/551] Tile Europe_DACH_Germany_50.0_10.0 [50.0, 10.0, 51.5, 11.5] (Current: 147,339 records / 7.22 MB)...
  [Checkpoint] Saved 147,339 records sorted by priority (7.22 MB)
[321/551] Tile Europe_DACH_Germany_50.0_11.5 [50.0, 11.5, 51.5, 13.0] (Current: 147,339 records / 7.22 MB)...
  [Checkpoint] Saved 147,339 records sorted by priority (7.22 MB)
[322/551] Tile Europe_DACH_Germany_50.0_13.0 [50.0, 13.0, 51.5, 14.5] (Current: 147,339 records / 7.22 MB)...
  [Checkpoint] Saved 147,339 records sorted by priority (7.22 MB)
[323/551] Tile Europe_DACH_Germany_50.0_14.5 [50.0, 14.5, 51.5, 15.0] (Current: 147,339 records / 7.22 MB)...
  [Checkpoint] Saved 147,339 records sorted by priority (7.22 MB)
[324/551] Tile Europe_DACH_Germany_51.5_5.5 [51.5, 5.5, 53.0, 7.0] (Current: 147,339 records / 7.22 MB)...
  [Checkpoint] Saved 147,339 records sorted by priority (7.22 MB)
[325/551] Tile Europe_DACH_Germany_51.5_7.0 [51.5, 7.0, 53.0, 8.5] (Current: 147,339 records / 7.22 MB)...
  [Checkpoint] Saved 147,339 records sorted by priority (7.22 MB)
[326/551] Tile Europe_DACH_Germany_51.5_8.5 [51.5, 8.5, 53.0, 10.0] (Current: 147,339 records / 7.22 MB)...
  [Checkpoint] Saved 147,339 records sorted by priority (7.22 MB)
[327/551] Tile Europe_DACH_Germany_51.5_10.0 [51.5, 10.0, 53.0, 11.5] (Current: 147,339 records / 7.22 MB)...
  [Checkpoint] Saved 147,339 records sorted by priority (7.22 MB)
[328/551] Tile Europe_DACH_Germany_51.5_11.5 [51.5, 11.5, 53.0, 13.0] (Current: 147,339 records / 7.22 MB)...
  [Checkpoint] Saved 147,339 records sorted by priority (7.22 MB)
[329/551] Tile Europe_DACH_Germany_51.5_13.0 [51.5, 13.0, 53.0, 14.5] (Current: 147,339 records / 7.22 MB)...
  [Checkpoint] Saved 147,339 records sorted by priority (7.22 MB)
[330/551] Tile Europe_DACH_Germany_51.5_14.5 [51.5, 14.5, 53.0, 15.0] (Current: 147,339 records / 7.22 MB)...
  [Checkpoint] Saved 147,339 records sorted by priority (7.22 MB)
[331/551] Tile Europe_DACH_Germany_53.0_5.5 [53.0, 5.5, 54.5, 7.0] (Current: 147,339 records / 7.22 MB)...
  [Checkpoint] Saved 147,339 records sorted by priority (7.22 MB)
[332/551] Tile Europe_DACH_Germany_53.0_7.0 [53.0, 7.0, 54.5, 8.5] (Current: 147,339 records / 7.22 MB)...
  [Checkpoint] Saved 147,339 records sorted by priority (7.22 MB)
[333/551] Tile Europe_DACH_Germany_53.0_8.5 [53.0, 8.5, 54.5, 10.0] (Current: 147,339 records / 7.22 MB)...
  [Checkpoint] Saved 147,339 records sorted by priority (7.22 MB)
[334/551] Tile Europe_DACH_Germany_53.0_10.0 [53.0, 10.0, 54.5, 11.5] (Current: 147,339 records / 7.22 MB)...
  [Checkpoint] Saved 147,339 records sorted by priority (7.22 MB)
[335/551] Tile Europe_DACH_Germany_53.0_11.5 [53.0, 11.5, 54.5, 13.0] (Current: 147,339 records / 7.22 MB)...
  [Checkpoint] Saved 147,339 records sorted by priority (7.22 MB)
[336/551] Tile Europe_DACH_Germany_53.0_13.0 [53.0, 13.0, 54.5, 14.5] (Current: 147,339 records / 7.22 MB)...
  [Checkpoint] Saved 147,339 records sorted by priority (7.22 MB)
[337/551] Tile Europe_DACH_Germany_53.0_14.5 [53.0, 14.5, 54.5, 15.0] (Current: 147,339 records / 7.22 MB)...
  [Checkpoint] Saved 147,339 records sorted by priority (7.22 MB)
[338/551] Tile Europe_DACH_Germany_54.5_5.5 [54.5, 5.5, 55.0, 7.0] (Current: 147,339 records / 7.22 MB)...
  [Checkpoint] Saved 147,339 records sorted by priority (7.22 MB)
[339/551] Tile Europe_DACH_Germany_54.5_7.0 [54.5, 7.0, 55.0, 8.5] (Current: 147,339 records / 7.22 MB)...
  [Checkpoint] Saved 147,339 records sorted by priority (7.22 MB)
[340/551] Tile Europe_DACH_Germany_54.5_8.5 [54.5, 8.5, 55.0, 10.0] (Current: 147,339 records / 7.22 MB)...
  [Checkpoint] Saved 147,339 records sorted by priority (7.22 MB)
[341/551] Tile Europe_DACH_Germany_54.5_10.0 [54.5, 10.0, 55.0, 11.5] (Current: 147,339 records / 7.22 MB)...
  [Checkpoint] Saved 147,339 records sorted by priority (7.22 MB)
[342/551] Tile Europe_DACH_Germany_54.5_11.5 [54.5, 11.5, 55.0, 13.0] (Current: 147,339 records / 7.22 MB)...
  [Checkpoint] Saved 147,339 records sorted by priority (7.22 MB)
[343/551] Tile Europe_DACH_Germany_54.5_13.0 [54.5, 13.0, 55.0, 14.5] (Current: 147,339 records / 7.22 MB)...
  [Checkpoint] Saved 147,339 records sorted by priority (7.22 MB)
[344/551] Tile Europe_DACH_Germany_54.5_14.5 [54.5, 14.5, 55.0, 15.0] (Current: 147,339 records / 7.22 MB)...
  [Checkpoint] Saved 147,339 records sorted by priority (7.22 MB)
[345/551] Tile Europe_Italy_Alps_37.0_6.5 [37.0, 6.5, 38.5, 8.0] (Current: 147,339 records / 7.22 MB)...
  [Checkpoint] Saved 147,339 records sorted by priority (7.22 MB)
[346/551] Tile Europe_Italy_Alps_37.0_8.0 [37.0, 8.0, 38.5, 9.5] (Current: 147,339 records / 7.22 MB)...
  [Checkpoint] Saved 147,339 records sorted by priority (7.22 MB)
[347/551] Tile Europe_Italy_Alps_37.0_9.5 [37.0, 9.5, 38.5, 11.0] (Current: 147,339 records / 7.22 MB)...
  [Checkpoint] Saved 147,339 records sorted by priority (7.22 MB)
[348/551] Tile Europe_Italy_Alps_37.0_11.0 [37.0, 11.0, 38.5, 12.5] (Current: 147,339 records / 7.22 MB)...
  [Checkpoint] Saved 147,339 records sorted by priority (7.22 MB)
[349/551] Tile Europe_Italy_Alps_37.0_12.5 [37.0, 12.5, 38.5, 14.0] (Current: 147,339 records / 7.22 MB)...
  [Checkpoint] Saved 147,339 records sorted by priority (7.22 MB)
[350/551] Tile Europe_Italy_Alps_37.0_14.0 [37.0, 14.0, 38.5, 15.5] (Current: 147,339 records / 7.22 MB)...
  [Checkpoint] Saved 147,339 records sorted by priority (7.22 MB)
[351/551] Tile Europe_Italy_Alps_37.0_15.5 [37.0, 15.5, 38.5, 17.0] (Current: 147,339 records / 7.22 MB)...
  [Checkpoint] Saved 147,339 records sorted by priority (7.22 MB)
[352/551] Tile Europe_Italy_Alps_37.0_17.0 [37.0, 17.0, 38.5, 18.5] (Current: 147,339 records / 7.22 MB)...
  [Checkpoint] Saved 147,339 records sorted by priority (7.22 MB)
[353/551] Tile Europe_Italy_Alps_38.5_6.5 [38.5, 6.5, 40.0, 8.0] (Current: 147,339 records / 7.22 MB)...
  [Checkpoint] Saved 147,339 records sorted by priority (7.22 MB)
[354/551] Tile Europe_Italy_Alps_38.5_8.0 [38.5, 8.0, 40.0, 9.5] (Current: 147,339 records / 7.22 MB)...
  [Checkpoint] Saved 147,339 records sorted by priority (7.22 MB)
[355/551] Tile Europe_Italy_Alps_38.5_9.5 [38.5, 9.5, 40.0, 11.0] (Current: 147,339 records / 7.22 MB)...
  [Checkpoint] Saved 147,339 records sorted by priority (7.22 MB)
[356/551] Tile Europe_Italy_Alps_38.5_11.0 [38.5, 11.0, 40.0, 12.5] (Current: 147,339 records / 7.22 MB)...
  [Checkpoint] Saved 147,339 records sorted by priority (7.22 MB)
[357/551] Tile Europe_Italy_Alps_38.5_12.5 [38.5, 12.5, 40.0, 14.0] (Current: 147,339 records / 7.22 MB)...
  [Checkpoint] Saved 147,339 records sorted by priority (7.22 MB)
[358/551] Tile Europe_Italy_Alps_38.5_14.0 [38.5, 14.0, 40.0, 15.5] (Current: 147,339 records / 7.22 MB)...
  [Checkpoint] Saved 147,339 records sorted by priority (7.22 MB)
[359/551] Tile Europe_Italy_Alps_38.5_15.5 [38.5, 15.5, 40.0, 17.0] (Current: 147,339 records / 7.22 MB)...
  [Checkpoint] Saved 147,339 records sorted by priority (7.22 MB)
[360/551] Tile Europe_Italy_Alps_38.5_17.0 [38.5, 17.0, 40.0, 18.5] (Current: 147,339 records / 7.22 MB)...
  [Checkpoint] Saved 147,339 records sorted by priority (7.22 MB)
[361/551] Tile Europe_Italy_Alps_40.0_6.5 [40.0, 6.5, 41.5, 8.0] (Current: 147,339 records / 7.22 MB)...
  [Checkpoint] Saved 147,339 records sorted by priority (7.22 MB)
[362/551] Tile Europe_Italy_Alps_40.0_8.0 [40.0, 8.0, 41.5, 9.5] (Current: 147,339 records / 7.22 MB)...
  [Checkpoint] Saved 147,339 records sorted by priority (7.22 MB)
[363/551] Tile Europe_Italy_Alps_40.0_9.5 [40.0, 9.5, 41.5, 11.0] (Current: 147,339 records / 7.22 MB)...
  [Checkpoint] Saved 147,339 records sorted by priority (7.22 MB)
[364/551] Tile Europe_Italy_Alps_40.0_11.0 [40.0, 11.0, 41.5, 12.5] (Current: 147,339 records / 7.22 MB)...
  [Checkpoint] Saved 147,339 records sorted by priority (7.22 MB)
[365/551] Tile Europe_Italy_Alps_40.0_12.5 [40.0, 12.5, 41.5, 14.0] (Current: 147,339 records / 7.22 MB)...
  [Checkpoint] Saved 147,339 records sorted by priority (7.22 MB)
[366/551] Tile Europe_Italy_Alps_40.0_14.0 [40.0, 14.0, 41.5, 15.5] (Current: 147,339 records / 7.22 MB)...
  [Checkpoint] Saved 147,339 records sorted by priority (7.22 MB)
[367/551] Tile Europe_Italy_Alps_40.0_15.5 [40.0, 15.5, 41.5, 17.0] (Current: 147,339 records / 7.22 MB)...
  [Checkpoint] Saved 147,339 records sorted by priority (7.22 MB)
[368/551] Tile Europe_Italy_Alps_40.0_17.0 [40.0, 17.0, 41.5, 18.5] (Current: 147,339 records / 7.22 MB)...
  [Checkpoint] Saved 147,339 records sorted by priority (7.22 MB)
[369/551] Tile Europe_Italy_Alps_41.5_6.5 [41.5, 6.5, 43.0, 8.0] (Current: 147,339 records / 7.22 MB)...
  [Checkpoint] Saved 147,339 records sorted by priority (7.22 MB)
[370/551] Tile Europe_Italy_Alps_41.5_8.0 [41.5, 8.0, 43.0, 9.5] (Current: 147,339 records / 7.22 MB)...
  [Checkpoint] Saved 147,339 records sorted by priority (7.22 MB)
[371/551] Tile Europe_Italy_Alps_41.5_9.5 [41.5, 9.5, 43.0, 11.0] (Current: 147,339 records / 7.22 MB)...
  [Checkpoint] Saved 147,339 records sorted by priority (7.22 MB)
[372/551] Tile Europe_Italy_Alps_41.5_11.0 [41.5, 11.0, 43.0, 12.5] (Current: 147,339 records / 7.22 MB)...
  [Checkpoint] Saved 147,339 records sorted by priority (7.22 MB)
[373/551] Tile Europe_Italy_Alps_41.5_12.5 [41.5, 12.5, 43.0, 14.0] (Current: 147,339 records / 7.22 MB)...
  [Checkpoint] Saved 147,339 records sorted by priority (7.22 MB)
[374/551] Tile Europe_Italy_Alps_41.5_14.0 [41.5, 14.0, 43.0, 15.5] (Current: 147,339 records / 7.22 MB)...
  [Checkpoint] Saved 147,339 records sorted by priority (7.22 MB)
[375/551] Tile Europe_Italy_Alps_41.5_15.5 [41.5, 15.5, 43.0, 17.0] (Current: 147,339 records / 7.22 MB)...
  [Checkpoint] Saved 147,339 records sorted by priority (7.22 MB)
[376/551] Tile Europe_Italy_Alps_41.5_17.0 [41.5, 17.0, 43.0, 18.5] (Current: 147,339 records / 7.22 MB)...
  [Checkpoint] Saved 147,339 records sorted by priority (7.22 MB)
[377/551] Tile Europe_Italy_Alps_43.0_6.5 [43.0, 6.5, 44.5, 8.0] (Current: 147,339 records / 7.22 MB)...
  [Checkpoint] Saved 147,339 records sorted by priority (7.22 MB)
[378/551] Tile Europe_Italy_Alps_43.0_8.0 [43.0, 8.0, 44.5, 9.5] (Current: 147,339 records / 7.22 MB)...
  [Checkpoint] Saved 147,339 records sorted by priority (7.22 MB)
[379/551] Tile Europe_Italy_Alps_43.0_9.5 [43.0, 9.5, 44.5, 11.0] (Current: 147,339 records / 7.22 MB)...
  [Checkpoint] Saved 147,339 records sorted by priority (7.22 MB)
[380/551] Tile Europe_Italy_Alps_43.0_11.0 [43.0, 11.0, 44.5, 12.5] (Current: 147,339 records / 7.22 MB)...
  [Checkpoint] Saved 147,339 records sorted by priority (7.22 MB)
[381/551] Tile Europe_Italy_Alps_43.0_12.5 [43.0, 12.5, 44.5, 14.0] (Current: 147,339 records / 7.22 MB)...
  [Checkpoint] Saved 147,339 records sorted by priority (7.22 MB)
[382/551] Tile Europe_Italy_Alps_43.0_14.0 [43.0, 14.0, 44.5, 15.5] (Current: 147,339 records / 7.22 MB)...
  [Checkpoint] Saved 147,339 records sorted by priority (7.22 MB)
[383/551] Tile Europe_Italy_Alps_43.0_15.5 [43.0, 15.5, 44.5, 17.0] (Current: 147,339 records / 7.22 MB)...
  [Checkpoint] Saved 147,339 records sorted by priority (7.22 MB)
[384/551] Tile Europe_Italy_Alps_43.0_17.0 [43.0, 17.0, 44.5, 18.5] (Current: 147,339 records / 7.22 MB)...
  [Checkpoint] Saved 147,339 records sorted by priority (7.22 MB)
[385/551] Tile Europe_Italy_Alps_44.5_6.5 [44.5, 6.5, 46.0, 8.0] (Current: 147,339 records / 7.22 MB)...
  [Checkpoint] Saved 147,339 records sorted by priority (7.22 MB)
[386/551] Tile Europe_Italy_Alps_44.5_8.0 [44.5, 8.0, 46.0, 9.5] (Current: 147,339 records / 7.22 MB)...
  [Checkpoint] Saved 147,339 records sorted by priority (7.22 MB)
[387/551] Tile Europe_Italy_Alps_44.5_9.5 [44.5, 9.5, 46.0, 11.0] (Current: 147,339 records / 7.22 MB)...
  [Checkpoint] Saved 147,339 records sorted by priority (7.22 MB)
[388/551] Tile Europe_Italy_Alps_44.5_11.0 [44.5, 11.0, 46.0, 12.5] (Current: 147,339 records / 7.22 MB)...
  [Checkpoint] Saved 147,339 records sorted by priority (7.22 MB)
[389/551] Tile Europe_Italy_Alps_44.5_12.5 [44.5, 12.5, 46.0, 14.0] (Current: 147,339 records / 7.22 MB)...
  [Checkpoint] Saved 147,339 records sorted by priority (7.22 MB)
[390/551] Tile Europe_Italy_Alps_44.5_14.0 [44.5, 14.0, 46.0, 15.5] (Current: 147,339 records / 7.22 MB)...
  [Checkpoint] Saved 147,339 records sorted by priority (7.22 MB)
[391/551] Tile Europe_Italy_Alps_44.5_15.5 [44.5, 15.5, 46.0, 17.0] (Current: 147,339 records / 7.22 MB)...
  [Checkpoint] Saved 147,339 records sorted by priority (7.22 MB)
[392/551] Tile Europe_Italy_Alps_44.5_17.0 [44.5, 17.0, 46.0, 18.5] (Current: 147,339 records / 7.22 MB)...
  [Checkpoint] Saved 147,339 records sorted by priority (7.22 MB)
[393/551] Tile Europe_Italy_Alps_46.0_6.5 [46.0, 6.5, 47.0, 8.0] (Current: 147,339 records / 7.22 MB)...
  [Checkpoint] Saved 147,339 records sorted by priority (7.22 MB)
[394/551] Tile Europe_Italy_Alps_46.0_8.0 [46.0, 8.0, 47.0, 9.5] (Current: 147,339 records / 7.22 MB)...
  [Checkpoint] Saved 147,339 records sorted by priority (7.22 MB)
[395/551] Tile Europe_Italy_Alps_46.0_9.5 [46.0, 9.5, 47.0, 11.0] (Current: 147,339 records / 7.22 MB)...
  [Checkpoint] Saved 147,339 records sorted by priority (7.22 MB)
[396/551] Tile Europe_Italy_Alps_46.0_11.0 [46.0, 11.0, 47.0, 12.5] (Current: 147,339 records / 7.22 MB)...
  [Checkpoint] Saved 147,339 records sorted by priority (7.22 MB)
[397/551] Tile Europe_Italy_Alps_46.0_12.5 [46.0, 12.5, 47.0, 14.0] (Current: 147,339 records / 7.22 MB)...
  [Checkpoint] Saved 147,339 records sorted by priority (7.22 MB)
[398/551] Tile Europe_Italy_Alps_46.0_14.0 [46.0, 14.0, 47.0, 15.5] (Current: 147,339 records / 7.22 MB)...
  [Checkpoint] Saved 147,339 records sorted by priority (7.22 MB)
[399/551] Tile Europe_Italy_Alps_46.0_15.5 [46.0, 15.5, 47.0, 17.0] (Current: 147,339 records / 7.22 MB)...
  [Checkpoint] Saved 147,339 records sorted by priority (7.22 MB)
[400/551] Tile Europe_Italy_Alps_46.0_17.0 [46.0, 17.0, 47.0, 18.5] (Current: 147,339 records / 7.22 MB)...
  [Checkpoint] Saved 147,339 records sorted by priority (7.22 MB)
[401/551] Tile Europe_Iberia_Spain_Portugal_36.0_-9.5 [36.0, -9.5, 37.5, -8.0] (Current: 147,339 records / 7.22 MB)...
  [Checkpoint] Saved 147,339 records sorted by priority (7.22 MB)
[402/551] Tile Europe_Iberia_Spain_Portugal_36.0_-8.0 [36.0, -8.0, 37.5, -6.5] (Current: 147,339 records / 7.22 MB)...
  [Checkpoint] Saved 147,339 records sorted by priority (7.22 MB)
[403/551] Tile Europe_Iberia_Spain_Portugal_36.0_-6.5 [36.0, -6.5, 37.5, -5.0] (Current: 147,339 records / 7.22 MB)...
  [Checkpoint] Saved 147,339 records sorted by priority (7.22 MB)
[404/551] Tile Europe_Iberia_Spain_Portugal_36.0_-5.0 [36.0, -5.0, 37.5, -3.5] (Current: 147,339 records / 7.22 MB)...
  [Checkpoint] Saved 147,339 records sorted by priority (7.22 MB)
[405/551] Tile Europe_Iberia_Spain_Portugal_36.0_-3.5 [36.0, -3.5, 37.5, -2.0] (Current: 147,339 records / 7.22 MB)...
  [Checkpoint] Saved 147,339 records sorted by priority (7.22 MB)
[406/551] Tile Europe_Iberia_Spain_Portugal_36.0_-2.0 [36.0, -2.0, 37.5, -0.5] (Current: 147,339 records / 7.22 MB)...
  [Checkpoint] Saved 147,339 records sorted by priority (7.22 MB)
[407/551] Tile Europe_Iberia_Spain_Portugal_36.0_-0.5 [36.0, -0.5, 37.5, 1.0] (Current: 147,339 records / 7.22 MB)...
  [Checkpoint] Saved 147,339 records sorted by priority (7.22 MB)
[408/551] Tile Europe_Iberia_Spain_Portugal_36.0_1.0 [36.0, 1.0, 37.5, 2.5] (Current: 147,339 records / 7.22 MB)...
  [Checkpoint] Saved 147,339 records sorted by priority (7.22 MB)
[409/551] Tile Europe_Iberia_Spain_Portugal_36.0_2.5 [36.0, 2.5, 37.5, 3.5] (Current: 147,339 records / 7.22 MB)...
  [Checkpoint] Saved 147,339 records sorted by priority (7.22 MB)
[410/551] Tile Europe_Iberia_Spain_Portugal_37.5_-9.5 [37.5, -9.5, 39.0, -8.0] (Current: 147,339 records / 7.22 MB)...
  [Checkpoint] Saved 147,339 records sorted by priority (7.22 MB)
[411/551] Tile Europe_Iberia_Spain_Portugal_37.5_-8.0 [37.5, -8.0, 39.0, -6.5] (Current: 147,339 records / 7.22 MB)...
  [Checkpoint] Saved 147,339 records sorted by priority (7.22 MB)
[412/551] Tile Europe_Iberia_Spain_Portugal_37.5_-6.5 [37.5, -6.5, 39.0, -5.0] (Current: 147,339 records / 7.22 MB)...
  [Checkpoint] Saved 147,339 records sorted by priority (7.22 MB)
[413/551] Tile Europe_Iberia_Spain_Portugal_37.5_-5.0 [37.5, -5.0, 39.0, -3.5] (Current: 147,339 records / 7.22 MB)...
  [Checkpoint] Saved 147,339 records sorted by priority (7.22 MB)
[414/551] Tile Europe_Iberia_Spain_Portugal_37.5_-3.5 [37.5, -3.5, 39.0, -2.0] (Current: 147,339 records / 7.22 MB)...
  [Checkpoint] Saved 147,339 records sorted by priority (7.22 MB)
[415/551] Tile Europe_Iberia_Spain_Portugal_37.5_-2.0 [37.5, -2.0, 39.0, -0.5] (Current: 147,339 records / 7.22 MB)...
  [Checkpoint] Saved 147,339 records sorted by priority (7.22 MB)
[416/551] Tile Europe_Iberia_Spain_Portugal_37.5_-0.5 [37.5, -0.5, 39.0, 1.0] (Current: 147,339 records / 7.22 MB)...
  [Checkpoint] Saved 147,339 records sorted by priority (7.22 MB)
[417/551] Tile Europe_Iberia_Spain_Portugal_37.5_1.0 [37.5, 1.0, 39.0, 2.5] (Current: 147,339 records / 7.22 MB)...
  [Checkpoint] Saved 147,339 records sorted by priority (7.22 MB)
[418/551] Tile Europe_Iberia_Spain_Portugal_37.5_2.5 [37.5, 2.5, 39.0, 3.5] (Current: 147,339 records / 7.22 MB)...
  [Checkpoint] Saved 147,339 records sorted by priority (7.22 MB)
[419/551] Tile Europe_Iberia_Spain_Portugal_39.0_-9.5 [39.0, -9.5, 40.5, -8.0] (Current: 147,339 records / 7.22 MB)...
  [Checkpoint] Saved 147,339 records sorted by priority (7.22 MB)
[420/551] Tile Europe_Iberia_Spain_Portugal_39.0_-8.0 [39.0, -8.0, 40.5, -6.5] (Current: 147,339 records / 7.22 MB)...
  [Checkpoint] Saved 147,339 records sorted by priority (7.22 MB)
[421/551] Tile Europe_Iberia_Spain_Portugal_39.0_-6.5 [39.0, -6.5, 40.5, -5.0] (Current: 147,339 records / 7.22 MB)...
  [Checkpoint] Saved 147,339 records sorted by priority (7.22 MB)
[422/551] Tile Europe_Iberia_Spain_Portugal_39.0_-5.0 [39.0, -5.0, 40.5, -3.5] (Current: 147,339 records / 7.22 MB)...
  [Checkpoint] Saved 147,339 records sorted by priority (7.22 MB)
[423/551] Tile Europe_Iberia_Spain_Portugal_39.0_-3.5 [39.0, -3.5, 40.5, -2.0] (Current: 147,339 records / 7.22 MB)...
  [Checkpoint] Saved 147,339 records sorted by priority (7.22 MB)
[424/551] Tile Europe_Iberia_Spain_Portugal_39.0_-2.0 [39.0, -2.0, 40.5, -0.5] (Current: 147,339 records / 7.22 MB)...
  [Checkpoint] Saved 147,339 records sorted by priority (7.22 MB)
[425/551] Tile Europe_Iberia_Spain_Portugal_39.0_-0.5 [39.0, -0.5, 40.5, 1.0] (Current: 147,339 records / 7.22 MB)...
  [Checkpoint] Saved 147,339 records sorted by priority (7.22 MB)
[426/551] Tile Europe_Iberia_Spain_Portugal_39.0_1.0 [39.0, 1.0, 40.5, 2.5] (Current: 147,339 records / 7.22 MB)...
  [Checkpoint] Saved 147,339 records sorted by priority (7.22 MB)
[427/551] Tile Europe_Iberia_Spain_Portugal_39.0_2.5 [39.0, 2.5, 40.5, 3.5] (Current: 147,339 records / 7.22 MB)...
  [Checkpoint] Saved 147,339 records sorted by priority (7.22 MB)
[428/551] Tile Europe_Iberia_Spain_Portugal_40.5_-9.5 [40.5, -9.5, 42.0, -8.0] (Current: 147,339 records / 7.22 MB)...
  [Checkpoint] Saved 147,339 records sorted by priority (7.22 MB)
[429/551] Tile Europe_Iberia_Spain_Portugal_40.5_-8.0 [40.5, -8.0, 42.0, -6.5] (Current: 147,339 records / 7.22 MB)...
  [Checkpoint] Saved 147,339 records sorted by priority (7.22 MB)
[430/551] Tile Europe_Iberia_Spain_Portugal_40.5_-6.5 [40.5, -6.5, 42.0, -5.0] (Current: 147,339 records / 7.22 MB)...
  [Checkpoint] Saved 147,339 records sorted by priority (7.22 MB)
[431/551] Tile Europe_Iberia_Spain_Portugal_40.5_-5.0 [40.5, -5.0, 42.0, -3.5] (Current: 147,339 records / 7.22 MB)...
  [Checkpoint] Saved 147,339 records sorted by priority (7.22 MB)
[432/551] Tile Europe_Iberia_Spain_Portugal_40.5_-3.5 [40.5, -3.5, 42.0, -2.0] (Current: 147,339 records / 7.22 MB)...
  [Checkpoint] Saved 147,339 records sorted by priority (7.22 MB)
[433/551] Tile Europe_Iberia_Spain_Portugal_40.5_-2.0 [40.5, -2.0, 42.0, -0.5] (Current: 147,339 records / 7.22 MB)...
  [Checkpoint] Saved 147,339 records sorted by priority (7.22 MB)
[434/551] Tile Europe_Iberia_Spain_Portugal_40.5_-0.5 [40.5, -0.5, 42.0, 1.0] (Current: 147,339 records / 7.22 MB)...
  [Checkpoint] Saved 147,339 records sorted by priority (7.22 MB)
[435/551] Tile Europe_Iberia_Spain_Portugal_40.5_1.0 [40.5, 1.0, 42.0, 2.5] (Current: 147,339 records / 7.22 MB)...
  [Checkpoint] Saved 147,339 records sorted by priority (7.22 MB)
[436/551] Tile Europe_Iberia_Spain_Portugal_40.5_2.5 [40.5, 2.5, 42.0, 3.5] (Current: 147,339 records / 7.22 MB)...
  [Checkpoint] Saved 147,339 records sorted by priority (7.22 MB)
[437/551] Tile Europe_Iberia_Spain_Portugal_42.0_-9.5 [42.0, -9.5, 43.5, -8.0] (Current: 147,339 records / 7.22 MB)...
  [Checkpoint] Saved 147,339 records sorted by priority (7.22 MB)
[438/551] Tile Europe_Iberia_Spain_Portugal_42.0_-8.0 [42.0, -8.0, 43.5, -6.5] (Current: 147,339 records / 7.22 MB)...
  [Checkpoint] Saved 147,339 records sorted by priority (7.22 MB)
[439/551] Tile Europe_Iberia_Spain_Portugal_42.0_-6.5 [42.0, -6.5, 43.5, -5.0] (Current: 147,339 records / 7.22 MB)...
  [Checkpoint] Saved 147,339 records sorted by priority (7.22 MB)
[440/551] Tile Europe_Iberia_Spain_Portugal_42.0_-5.0 [42.0, -5.0, 43.5, -3.5] (Current: 147,339 records / 7.22 MB)...
  [Checkpoint] Saved 147,339 records sorted by priority (7.22 MB)
[441/551] Tile Europe_Iberia_Spain_Portugal_42.0_-3.5 [42.0, -3.5, 43.5, -2.0] (Current: 147,339 records / 7.22 MB)...
  [Checkpoint] Saved 147,339 records sorted by priority (7.22 MB)
[442/551] Tile Europe_Iberia_Spain_Portugal_42.0_-2.0 [42.0, -2.0, 43.5, -0.5] (Current: 147,339 records / 7.22 MB)...
  [Checkpoint] Saved 147,339 records sorted by priority (7.22 MB)
[443/551] Tile Europe_Iberia_Spain_Portugal_42.0_-0.5 [42.0, -0.5, 43.5, 1.0] (Current: 147,339 records / 7.22 MB)...
  [Checkpoint] Saved 147,339 records sorted by priority (7.22 MB)
[444/551] Tile Europe_Iberia_Spain_Portugal_42.0_1.0 [42.0, 1.0, 43.5, 2.5] (Current: 147,339 records / 7.22 MB)...
  [Checkpoint] Saved 147,339 records sorted by priority (7.22 MB)
[445/551] Tile Europe_Iberia_Spain_Portugal_42.0_2.5 [42.0, 2.5, 43.5, 3.5] (Current: 147,339 records / 7.22 MB)...
  [Checkpoint] Saved 147,339 records sorted by priority (7.22 MB)
[446/551] Tile Asia_Japan_Kanto_Kansai_33.0_134.0 [33.0, 134.0, 34.5, 135.5] (Current: 147,339 records / 7.22 MB)...
  [Checkpoint] Saved 147,339 records sorted by priority (7.22 MB)
[447/551] Tile Asia_Japan_Kanto_Kansai_33.0_135.5 [33.0, 135.5, 34.5, 137.0] (Current: 147,339 records / 7.22 MB)...
  [Checkpoint] Saved 147,339 records sorted by priority (7.22 MB)
[448/551] Tile Asia_Japan_Kanto_Kansai_33.0_137.0 [33.0, 137.0, 34.5, 138.5] (Current: 147,339 records / 7.22 MB)...
  [Checkpoint] Saved 147,339 records sorted by priority (7.22 MB)
[449/551] Tile Asia_Japan_Kanto_Kansai_33.0_138.5 [33.0, 138.5, 34.5, 140.0] (Current: 147,339 records / 7.22 MB)...
  [Checkpoint] Saved 147,339 records sorted by priority (7.22 MB)
[450/551] Tile Asia_Japan_Kanto_Kansai_33.0_140.0 [33.0, 140.0, 34.5, 141.0] (Current: 147,339 records / 7.22 MB)...
  [Checkpoint] Saved 147,339 records sorted by priority (7.22 MB)
[451/551] Tile Asia_Japan_Kanto_Kansai_34.5_134.0 [34.5, 134.0, 36.0, 135.5] (Current: 147,339 records / 7.22 MB)...
  [Checkpoint] Saved 147,339 records sorted by priority (7.22 MB)
[452/551] Tile Asia_Japan_Kanto_Kansai_34.5_135.5 [34.5, 135.5, 36.0, 137.0] (Current: 147,339 records / 7.22 MB)...
  [Checkpoint] Saved 147,339 records sorted by priority (7.22 MB)
[453/551] Tile Asia_Japan_Kanto_Kansai_34.5_137.0 [34.5, 137.0, 36.0, 138.5] (Current: 147,339 records / 7.22 MB)...
  [Checkpoint] Saved 147,339 records sorted by priority (7.22 MB)
[454/551] Tile Asia_Japan_Kanto_Kansai_34.5_138.5 [34.5, 138.5, 36.0, 140.0] (Current: 147,339 records / 7.22 MB)...
  [Checkpoint] Saved 147,339 records sorted by priority (7.22 MB)
[455/551] Tile Asia_Japan_Kanto_Kansai_34.5_140.0 [34.5, 140.0, 36.0, 141.0] (Current: 147,339 records / 7.22 MB)...
  [Checkpoint] Saved 147,339 records sorted by priority (7.22 MB)
[456/551] Tile Asia_Japan_Kanto_Kansai_36.0_134.0 [36.0, 134.0, 37.5, 135.5] (Current: 147,339 records / 7.22 MB)...
  [Checkpoint] Saved 147,339 records sorted by priority (7.22 MB)
[457/551] Tile Asia_Japan_Kanto_Kansai_36.0_135.5 [36.0, 135.5, 37.5, 137.0] (Current: 147,339 records / 7.22 MB)...
  [Checkpoint] Saved 147,339 records sorted by priority (7.22 MB)
[458/551] Tile Asia_Japan_Kanto_Kansai_36.0_137.0 [36.0, 137.0, 37.5, 138.5] (Current: 147,339 records / 7.22 MB)...
  [Checkpoint] Saved 147,339 records sorted by priority (7.22 MB)
[459/551] Tile Asia_Japan_Kanto_Kansai_36.0_138.5 [36.0, 138.5, 37.5, 140.0] (Current: 147,339 records / 7.22 MB)...
  [Checkpoint] Saved 147,339 records sorted by priority (7.22 MB)
[460/551] Tile Asia_Japan_Kanto_Kansai_36.0_140.0 [36.0, 140.0, 37.5, 141.0] (Current: 147,339 records / 7.22 MB)...
  [Checkpoint] Saved 147,339 records sorted by priority (7.22 MB)
[461/551] Tile Asia_Korea_34.0_126.0 [34.0, 126.0, 35.5, 127.5] (Current: 147,339 records / 7.22 MB)...
  [Checkpoint] Saved 147,339 records sorted by priority (7.22 MB)
[462/551] Tile Asia_Korea_34.0_127.5 [34.0, 127.5, 35.5, 129.0] (Current: 147,339 records / 7.22 MB)...
  [Checkpoint] Saved 147,339 records sorted by priority (7.22 MB)
[463/551] Tile Asia_Korea_34.0_129.0 [34.0, 129.0, 35.5, 129.5] (Current: 147,339 records / 7.22 MB)...
  [Checkpoint] Saved 147,339 records sorted by priority (7.22 MB)
[464/551] Tile Asia_Korea_35.5_126.0 [35.5, 126.0, 37.0, 127.5] (Current: 147,339 records / 7.22 MB)...
  [Checkpoint] Saved 147,339 records sorted by priority (7.22 MB)
[465/551] Tile Asia_Korea_35.5_127.5 [35.5, 127.5, 37.0, 129.0] (Current: 147,339 records / 7.22 MB)...
  [Checkpoint] Saved 147,339 records sorted by priority (7.22 MB)
[466/551] Tile Asia_Korea_35.5_129.0 [35.5, 129.0, 37.0, 129.5] (Current: 147,339 records / 7.22 MB)...
  [Checkpoint] Saved 147,339 records sorted by priority (7.22 MB)
[467/551] Tile Asia_Korea_37.0_126.0 [37.0, 126.0, 38.5, 127.5] (Current: 147,339 records / 7.22 MB)...
  [Checkpoint] Saved 147,339 records sorted by priority (7.22 MB)
[468/551] Tile Asia_Korea_37.0_127.5 [37.0, 127.5, 38.5, 129.0] (Current: 147,339 records / 7.22 MB)...
  [Checkpoint] Saved 147,339 records sorted by priority (7.22 MB)
[469/551] Tile Asia_Korea_37.0_129.0 [37.0, 129.0, 38.5, 129.5] (Current: 147,339 records / 7.22 MB)...
  [Checkpoint] Saved 147,339 records sorted by priority (7.22 MB)
[470/551] Tile Asia_SE_Singapore_Malaysia_1.0_100.0 [1.0, 100.0, 2.5, 101.5] (Current: 147,339 records / 7.22 MB)...
  [Checkpoint] Saved 147,339 records sorted by priority (7.22 MB)
[471/551] Tile Asia_SE_Singapore_Malaysia_1.0_101.5 [1.0, 101.5, 2.5, 103.0] (Current: 147,339 records / 7.22 MB)...
  [Checkpoint] Saved 147,339 records sorted by priority (7.22 MB)
[472/551] Tile Asia_SE_Singapore_Malaysia_1.0_103.0 [1.0, 103.0, 2.5, 104.5] (Current: 147,339 records / 7.22 MB)...
  [Checkpoint] Saved 147,339 records sorted by priority (7.22 MB)
[473/551] Tile Asia_SE_Singapore_Malaysia_2.5_100.0 [2.5, 100.0, 4.0, 101.5] (Current: 147,339 records / 7.22 MB)...
  [Checkpoint] Saved 147,339 records sorted by priority (7.22 MB)
[474/551] Tile Asia_SE_Singapore_Malaysia_2.5_101.5 [2.5, 101.5, 4.0, 103.0] (Current: 147,339 records / 7.22 MB)...
  [Checkpoint] Saved 147,339 records sorted by priority (7.22 MB)
[475/551] Tile Asia_SE_Singapore_Malaysia_2.5_103.0 [2.5, 103.0, 4.0, 104.5] (Current: 147,339 records / 7.22 MB)...
  [Checkpoint] Saved 147,339 records sorted by priority (7.22 MB)
[476/551] Tile Asia_SE_Singapore_Malaysia_4.0_100.0 [4.0, 100.0, 5.5, 101.5] (Current: 147,339 records / 7.22 MB)...
  [Checkpoint] Saved 147,339 records sorted by priority (7.22 MB)
[477/551] Tile Asia_SE_Singapore_Malaysia_4.0_101.5 [4.0, 101.5, 5.5, 103.0] (Current: 147,339 records / 7.22 MB)...
  [Checkpoint] Saved 147,339 records sorted by priority (7.22 MB)
[478/551] Tile Asia_SE_Singapore_Malaysia_4.0_103.0 [4.0, 103.0, 5.5, 104.5] (Current: 147,339 records / 7.22 MB)...
  [Checkpoint] Saved 147,339 records sorted by priority (7.22 MB)
[479/551] Tile Asia_SE_Singapore_Malaysia_5.5_100.0 [5.5, 100.0, 7.0, 101.5] (Current: 147,339 records / 7.22 MB)...
  [Checkpoint] Saved 147,339 records sorted by priority (7.22 MB)
[480/551] Tile Asia_SE_Singapore_Malaysia_5.5_101.5 [5.5, 101.5, 7.0, 103.0] (Current: 147,339 records / 7.22 MB)...
  [Checkpoint] Saved 147,339 records sorted by priority (7.22 MB)
[481/551] Tile Asia_SE_Singapore_Malaysia_5.5_103.0 [5.5, 103.0, 7.0, 104.5] (Current: 147,339 records / 7.22 MB)...
  [Checkpoint] Saved 147,339 records sorted by priority (7.22 MB)
[482/551] Tile Asia_Taiwan_21.8_119.8 [21.8, 119.8, 23.3, 121.3] (Current: 147,339 records / 7.22 MB)...
  [Checkpoint] Saved 147,339 records sorted by priority (7.22 MB)
[483/551] Tile Asia_Taiwan_21.8_121.3 [21.8, 121.3, 23.3, 122.2] (Current: 147,339 records / 7.22 MB)...
  [Checkpoint] Saved 147,339 records sorted by priority (7.22 MB)
[484/551] Tile Asia_Taiwan_23.3_119.8 [23.3, 119.8, 24.8, 121.3] (Current: 147,339 records / 7.22 MB)...
  [Checkpoint] Saved 147,339 records sorted by priority (7.22 MB)
[485/551] Tile Asia_Taiwan_23.3_121.3 [23.3, 121.3, 24.8, 122.2] (Current: 147,339 records / 7.22 MB)...
  [Checkpoint] Saved 147,339 records sorted by priority (7.22 MB)
[486/551] Tile Asia_Taiwan_24.8_119.8 [24.8, 119.8, 25.5, 121.3] (Current: 147,339 records / 7.22 MB)...
  [Checkpoint] Saved 147,339 records sorted by priority (7.22 MB)
[487/551] Tile Asia_Taiwan_24.8_121.3 [24.8, 121.3, 25.5, 122.2] (Current: 147,339 records / 7.22 MB)...
  [Checkpoint] Saved 147,339 records sorted by priority (7.22 MB)
[488/551] Tile Australia_East_Sydney_Melb_-39.0_143.0 [-39.0, 143.0, -37.5, 144.5] (Current: 147,339 records / 7.22 MB)...
  [Checkpoint] Saved 147,339 records sorted by priority (7.22 MB)
[489/551] Tile Australia_East_Sydney_Melb_-39.0_144.5 [-39.0, 144.5, -37.5, 146.0] (Current: 147,339 records / 7.22 MB)...
  [Checkpoint] Saved 147,339 records sorted by priority (7.22 MB)
[490/551] Tile Australia_East_Sydney_Melb_-39.0_146.0 [-39.0, 146.0, -37.5, 147.5] (Current: 147,339 records / 7.22 MB)...
  [Checkpoint] Saved 147,339 records sorted by priority (7.22 MB)
[491/551] Tile Australia_East_Sydney_Melb_-39.0_147.5 [-39.0, 147.5, -37.5, 149.0] (Current: 147,339 records / 7.22 MB)...
  [Checkpoint] Saved 147,339 records sorted by priority (7.22 MB)
[492/551] Tile Australia_East_Sydney_Melb_-39.0_149.0 [-39.0, 149.0, -37.5, 150.5] (Current: 147,339 records / 7.22 MB)...
  [Checkpoint] Saved 147,339 records sorted by priority (7.22 MB)
[493/551] Tile Australia_East_Sydney_Melb_-39.0_150.5 [-39.0, 150.5, -37.5, 152.0] (Current: 147,339 records / 7.22 MB)...
  [Checkpoint] Saved 147,339 records sorted by priority (7.22 MB)
[494/551] Tile Australia_East_Sydney_Melb_-39.0_152.0 [-39.0, 152.0, -37.5, 153.5] (Current: 147,339 records / 7.22 MB)...
  [Checkpoint] Saved 147,339 records sorted by priority (7.22 MB)
[495/551] Tile Australia_East_Sydney_Melb_-39.0_153.5 [-39.0, 153.5, -37.5, 154.0] (Current: 147,339 records / 7.22 MB)...
  [Checkpoint] Saved 147,339 records sorted by priority (7.22 MB)
[496/551] Tile Australia_East_Sydney_Melb_-37.5_143.0 [-37.5, 143.0, -36.0, 144.5] (Current: 147,339 records / 7.22 MB)...
  [Checkpoint] Saved 147,339 records sorted by priority (7.22 MB)
[497/551] Tile Australia_East_Sydney_Melb_-37.5_144.5 [-37.5, 144.5, -36.0, 146.0] (Current: 147,339 records / 7.22 MB)...
  [Checkpoint] Saved 147,339 records sorted by priority (7.22 MB)
[498/551] Tile Australia_East_Sydney_Melb_-37.5_146.0 [-37.5, 146.0, -36.0, 147.5] (Current: 147,339 records / 7.22 MB)...
  [Checkpoint] Saved 147,339 records sorted by priority (7.22 MB)
[499/551] Tile Australia_East_Sydney_Melb_-37.5_147.5 [-37.5, 147.5, -36.0, 149.0] (Current: 147,339 records / 7.22 MB)...
  [Checkpoint] Saved 147,339 records sorted by priority (7.22 MB)
[500/551] Tile Australia_East_Sydney_Melb_-37.5_149.0 [-37.5, 149.0, -36.0, 150.5] (Current: 147,339 records / 7.22 MB)...
  [Checkpoint] Saved 147,339 records sorted by priority (7.22 MB)
[501/551] Tile Australia_East_Sydney_Melb_-37.5_150.5 [-37.5, 150.5, -36.0, 152.0] (Current: 147,339 records / 7.22 MB)...
  [Checkpoint] Saved 147,339 records sorted by priority (7.22 MB)
[502/551] Tile Australia_East_Sydney_Melb_-37.5_152.0 [-37.5, 152.0, -36.0, 153.5] (Current: 147,339 records / 7.22 MB)...
  [Checkpoint] Saved 147,339 records sorted by priority (7.22 MB)
[503/551] Tile Australia_East_Sydney_Melb_-37.5_153.5 [-37.5, 153.5, -36.0, 154.0] (Current: 147,339 records / 7.22 MB)...
  [Checkpoint] Saved 147,339 records sorted by priority (7.22 MB)
[504/551] Tile Australia_East_Sydney_Melb_-36.0_143.0 [-36.0, 143.0, -34.5, 144.5] (Current: 147,339 records / 7.22 MB)...
  [Checkpoint] Saved 147,339 records sorted by priority (7.22 MB)
[505/551] Tile Australia_East_Sydney_Melb_-36.0_144.5 [-36.0, 144.5, -34.5, 146.0] (Current: 147,339 records / 7.22 MB)...
  [Checkpoint] Saved 147,339 records sorted by priority (7.22 MB)
[506/551] Tile Australia_East_Sydney_Melb_-36.0_146.0 [-36.0, 146.0, -34.5, 147.5] (Current: 147,339 records / 7.22 MB)...
  [Checkpoint] Saved 147,339 records sorted by priority (7.22 MB)
[507/551] Tile Australia_East_Sydney_Melb_-36.0_147.5 [-36.0, 147.5, -34.5, 149.0] (Current: 147,339 records / 7.22 MB)...
  [Checkpoint] Saved 147,339 records sorted by priority (7.22 MB)
[508/551] Tile Australia_East_Sydney_Melb_-36.0_149.0 [-36.0, 149.0, -34.5, 150.5] (Current: 147,339 records / 7.22 MB)...
  [Checkpoint] Saved 147,339 records sorted by priority (7.22 MB)
[509/551] Tile Australia_East_Sydney_Melb_-36.0_150.5 [-36.0, 150.5, -34.5, 152.0] (Current: 147,339 records / 7.22 MB)...
  [Checkpoint] Saved 147,339 records sorted by priority (7.22 MB)
[510/551] Tile Australia_East_Sydney_Melb_-36.0_152.0 [-36.0, 152.0, -34.5, 153.5] (Current: 147,339 records / 7.22 MB)...
  [Checkpoint] Saved 147,339 records sorted by priority (7.22 MB)
[511/551] Tile Australia_East_Sydney_Melb_-36.0_153.5 [-36.0, 153.5, -34.5, 154.0] (Current: 147,339 records / 7.22 MB)...
  [Checkpoint] Saved 147,339 records sorted by priority (7.22 MB)
[512/551] Tile Australia_East_Sydney_Melb_-34.5_143.0 [-34.5, 143.0, -33.0, 144.5] (Current: 147,339 records / 7.22 MB)...
  [Checkpoint] Saved 147,339 records sorted by priority (7.22 MB)
[513/551] Tile Australia_East_Sydney_Melb_-34.5_144.5 [-34.5, 144.5, -33.0, 146.0] (Current: 147,339 records / 7.22 MB)...
  [Checkpoint] Saved 147,339 records sorted by priority (7.22 MB)
[514/551] Tile Australia_East_Sydney_Melb_-34.5_146.0 [-34.5, 146.0, -33.0, 147.5] (Current: 147,339 records / 7.22 MB)...
  [Checkpoint] Saved 147,339 records sorted by priority (7.22 MB)
[515/551] Tile Australia_East_Sydney_Melb_-34.5_147.5 [-34.5, 147.5, -33.0, 149.0] (Current: 147,339 records / 7.22 MB)...
  [Checkpoint] Saved 147,339 records sorted by priority (7.22 MB)
[516/551] Tile Australia_East_Sydney_Melb_-34.5_149.0 [-34.5, 149.0, -33.0, 150.5] (Current: 147,339 records / 7.22 MB)...
  [Checkpoint] Saved 147,339 records sorted by priority (7.22 MB)
[517/551] Tile Australia_East_Sydney_Melb_-34.5_150.5 [-34.5, 150.5, -33.0, 152.0] (Current: 147,339 records / 7.22 MB)...
  [Checkpoint] Saved 147,339 records sorted by priority (7.22 MB)
[518/551] Tile Australia_East_Sydney_Melb_-34.5_152.0 [-34.5, 152.0, -33.0, 153.5] (Current: 147,339 records / 7.22 MB)...
  [Checkpoint] Saved 147,339 records sorted by priority (7.22 MB)
[519/551] Tile Australia_East_Sydney_Melb_-34.5_153.5 [-34.5, 153.5, -33.0, 154.0] (Current: 147,339 records / 7.22 MB)...
  [Checkpoint] Saved 147,339 records sorted by priority (7.22 MB)
[520/551] Tile Australia_East_Sydney_Melb_-33.0_143.0 [-33.0, 143.0, -31.5, 144.5] (Current: 147,339 records / 7.22 MB)...
  [Checkpoint] Saved 147,339 records sorted by priority (7.22 MB)
[521/551] Tile Australia_East_Sydney_Melb_-33.0_144.5 [-33.0, 144.5, -31.5, 146.0] (Current: 147,339 records / 7.22 MB)...
  [Checkpoint] Saved 147,339 records sorted by priority (7.22 MB)
[522/551] Tile Australia_East_Sydney_Melb_-33.0_146.0 [-33.0, 146.0, -31.5, 147.5] (Current: 147,339 records / 7.22 MB)...
  [Checkpoint] Saved 147,339 records sorted by priority (7.22 MB)
[523/551] Tile Australia_East_Sydney_Melb_-33.0_147.5 [-33.0, 147.5, -31.5, 149.0] (Current: 147,339 records / 7.22 MB)...
  [Checkpoint] Saved 147,339 records sorted by priority (7.22 MB)
[524/551] Tile Australia_East_Sydney_Melb_-33.0_149.0 [-33.0, 149.0, -31.5, 150.5] (Current: 147,339 records / 7.22 MB)...
  [Checkpoint] Saved 147,339 records sorted by priority (7.22 MB)
[525/551] Tile Australia_East_Sydney_Melb_-33.0_150.5 [-33.0, 150.5, -31.5, 152.0] (Current: 147,339 records / 7.22 MB)...
  [Checkpoint] Saved 147,339 records sorted by priority (7.22 MB)
[526/551] Tile Australia_East_Sydney_Melb_-33.0_152.0 [-33.0, 152.0, -31.5, 153.5] (Current: 147,339 records / 7.22 MB)...
  [Checkpoint] Saved 147,339 records sorted by priority (7.22 MB)
[527/551] Tile Australia_East_Sydney_Melb_-33.0_153.5 [-33.0, 153.5, -31.5, 154.0] (Current: 147,339 records / 7.22 MB)...
  [Checkpoint] Saved 147,339 records sorted by priority (7.22 MB)
[528/551] Tile Australia_East_Sydney_Melb_-31.5_143.0 [-31.5, 143.0, -30.0, 144.5] (Current: 147,339 records / 7.22 MB)...
  [Checkpoint] Saved 147,339 records sorted by priority (7.22 MB)
[529/551] Tile Australia_East_Sydney_Melb_-31.5_144.5 [-31.5, 144.5, -30.0, 146.0] (Current: 147,339 records / 7.22 MB)...
  [Checkpoint] Saved 147,339 records sorted by priority (7.22 MB)
[530/551] Tile Australia_East_Sydney_Melb_-31.5_146.0 [-31.5, 146.0, -30.0, 147.5] (Current: 147,339 records / 7.22 MB)...
  [Checkpoint] Saved 147,339 records sorted by priority (7.22 MB)
[531/551] Tile Australia_East_Sydney_Melb_-31.5_147.5 [-31.5, 147.5, -30.0, 149.0] (Current: 147,339 records / 7.22 MB)...
  [Checkpoint] Saved 147,339 records sorted by priority (7.22 MB)
[532/551] Tile Australia_East_Sydney_Melb_-31.5_149.0 [-31.5, 149.0, -30.0, 150.5] (Current: 147,339 records / 7.22 MB)...
  [Checkpoint] Saved 147,339 records sorted by priority (7.22 MB)
[533/551] Tile Australia_East_Sydney_Melb_-31.5_150.5 [-31.5, 150.5, -30.0, 152.0] (Current: 147,339 records / 7.22 MB)...
  [Checkpoint] Saved 147,339 records sorted by priority (7.22 MB)
[534/551] Tile Australia_East_Sydney_Melb_-31.5_152.0 [-31.5, 152.0, -30.0, 153.5] (Current: 147,339 records / 7.22 MB)...
  [Checkpoint] Saved 147,339 records sorted by priority (7.22 MB)
[535/551] Tile Australia_East_Sydney_Melb_-31.5_153.5 [-31.5, 153.5, -30.0, 154.0] (Current: 147,339 records / 7.22 MB)...
  [Checkpoint] Saved 147,339 records sorted by priority (7.22 MB)
[536/551] Tile Australia_East_Sydney_Melb_-30.0_143.0 [-30.0, 143.0, -28.5, 144.5] (Current: 147,339 records / 7.22 MB)...
  [Checkpoint] Saved 147,339 records sorted by priority (7.22 MB)
[537/551] Tile Australia_East_Sydney_Melb_-30.0_144.5 [-30.0, 144.5, -28.5, 146.0] (Current: 147,339 records / 7.22 MB)...
  [Checkpoint] Saved 147,339 records sorted by priority (7.22 MB)
[538/551] Tile Australia_East_Sydney_Melb_-30.0_146.0 [-30.0, 146.0, -28.5, 147.5] (Current: 147,339 records / 7.22 MB)...
  [Checkpoint] Saved 147,339 records sorted by priority (7.22 MB)
[539/551] Tile Australia_East_Sydney_Melb_-30.0_147.5 [-30.0, 147.5, -28.5, 149.0] (Current: 147,339 records / 7.22 MB)...
  [Checkpoint] Saved 147,339 records sorted by priority (7.22 MB)
[540/551] Tile Australia_East_Sydney_Melb_-30.0_149.0 [-30.0, 149.0, -28.5, 150.5] (Current: 147,339 records / 7.22 MB)...
  [Checkpoint] Saved 147,339 records sorted by priority (7.22 MB)
[541/551] Tile Australia_East_Sydney_Melb_-30.0_150.5 [-30.0, 150.5, -28.5, 152.0] (Current: 147,339 records / 7.22 MB)...
  [Checkpoint] Saved 147,339 records sorted by priority (7.22 MB)
[542/551] Tile Australia_East_Sydney_Melb_-30.0_152.0 [-30.0, 152.0, -28.5, 153.5] (Current: 147,339 records / 7.22 MB)...
  [Checkpoint] Saved 147,339 records sorted by priority (7.22 MB)
[543/551] Tile Australia_East_Sydney_Melb_-30.0_153.5 [-30.0, 153.5, -28.5, 154.0] (Current: 147,339 records / 7.22 MB)...
  [Checkpoint] Saved 147,339 records sorted by priority (7.22 MB)
[544/551] Tile Australia_East_Sydney_Melb_-28.5_143.0 [-28.5, 143.0, -27.0, 144.5] (Current: 147,339 records / 7.22 MB)...
  [Checkpoint] Saved 147,339 records sorted by priority (7.22 MB)
[545/551] Tile Australia_East_Sydney_Melb_-28.5_144.5 [-28.5, 144.5, -27.0, 146.0] (Current: 147,339 records / 7.22 MB)...
  [Checkpoint] Saved 147,339 records sorted by priority (7.22 MB)
[546/551] Tile Australia_East_Sydney_Melb_-28.5_146.0 [-28.5, 146.0, -27.0, 147.5] (Current: 147,339 records / 7.22 MB)...
  [Checkpoint] Saved 147,339 records sorted by priority (7.22 MB)
[547/551] Tile Australia_East_Sydney_Melb_-28.5_147.5 [-28.5, 147.5, -27.0, 149.0] (Current: 147,339 records / 7.22 MB)...
  [Checkpoint] Saved 147,339 records sorted by priority (7.22 MB)
[548/551] Tile Australia_East_Sydney_Melb_-28.5_149.0 [-28.5, 149.0, -27.0, 150.5] (Current: 147,339 records / 7.22 MB)...
  [Checkpoint] Saved 147,339 records sorted by priority (7.22 MB)
[549/551] Tile Australia_East_Sydney_Melb_-28.5_150.5 [-28.5, 150.5, -27.0, 152.0] (Current: 147,339 records / 7.22 MB)...
  [Checkpoint] Saved 147,339 records sorted by priority (7.22 MB)
[550/551] Tile Australia_East_Sydney_Melb_-28.5_152.0 [-28.5, 152.0, -27.0, 153.5] (Current: 147,339 records / 7.22 MB)...
  [Checkpoint] Saved 147,339 records sorted by priority (7.22 MB)
[551/551] Tile Australia_East_Sydney_Melb_-28.5_153.5 [-28.5, 153.5, -27.0, 154.0] (Current: 147,339 records / 7.22 MB)...
  [Checkpoint] Saved 147,339 records sorted by priority (7.22 MB)

Download complete! Saved 147,339 records (7.22 MB) sorted by rating priority.
Traceback (most recent call last):
  File "/Users/francisblack/Desktop/Spot/scripts/download_global_5m_pois.py", line 273, in <module>
    records.sort(key=lambda r: r[4], reverse=True)
NameError: name 'records' is not defined
